Archive member included to satisfy reference by file (symbol)

c:/ac6/systemworkbench/plugins/fr.ac6.mcu.externaltools.arm-none.win32_1.17.0.201812190825/tools/compiler/bin/../lib/gcc/arm-none-eabi/7.3.1/../../../../arm-none-eabi/lib/thumb/v7e-m/fpv4-sp/hard\libm.a(lib_a-s_cos.o)
                              Src/Peripheral/Encoder.o (cos)
c:/ac6/systemworkbench/plugins/fr.ac6.mcu.externaltools.arm-none.win32_1.17.0.201812190825/tools/compiler/bin/../lib/gcc/arm-none-eabi/7.3.1/../../../../arm-none-eabi/lib/thumb/v7e-m/fpv4-sp/hard\libm.a(lib_a-s_sin.o)
                              Src/Peripheral/Encoder.o (sin)
c:/ac6/systemworkbench/plugins/fr.ac6.mcu.externaltools.arm-none.win32_1.17.0.201812190825/tools/compiler/bin/../lib/gcc/arm-none-eabi/7.3.1/../../../../arm-none-eabi/lib/thumb/v7e-m/fpv4-sp/hard\libm.a(lib_a-w_asin.o)
                              Src/Peripheral/sensor.o (asin)
c:/ac6/systemworkbench/plugins/fr.ac6.mcu.externaltools.arm-none.win32_1.17.0.201812190825/tools/compiler/bin/../lib/gcc/arm-none-eabi/7.3.1/../../../../arm-none-eabi/lib/thumb/v7e-m/fpv4-sp/hard\libm.a(lib_a-w_sqrt.o)
                              Src/Controller/trapzoid.o (sqrt)
c:/ac6/systemworkbench/plugins/fr.ac6.mcu.externaltools.arm-none.win32_1.17.0.201812190825/tools/compiler/bin/../lib/gcc/arm-none-eabi/7.3.1/../../../../arm-none-eabi/lib/thumb/v7e-m/fpv4-sp/hard\libm.a(lib_a-wf_asin.o)
                              Src/Peripheral/imu.o (asinf)
c:/ac6/systemworkbench/plugins/fr.ac6.mcu.externaltools.arm-none.win32_1.17.0.201812190825/tools/compiler/bin/../lib/gcc/arm-none-eabi/7.3.1/../../../../arm-none-eabi/lib/thumb/v7e-m/fpv4-sp/hard\libm.a(lib_a-wf_atan2.o)
                              Src/Peripheral/imu.o (atan2f)
c:/ac6/systemworkbench/plugins/fr.ac6.mcu.externaltools.arm-none.win32_1.17.0.201812190825/tools/compiler/bin/../lib/gcc/arm-none-eabi/7.3.1/../../../../arm-none-eabi/lib/thumb/v7e-m/fpv4-sp/hard\libm.a(lib_a-e_asin.o)
                              c:/ac6/systemworkbench/plugins/fr.ac6.mcu.externaltools.arm-none.win32_1.17.0.201812190825/tools/compiler/bin/../lib/gcc/arm-none-eabi/7.3.1/../../../../arm-none-eabi/lib/thumb/v7e-m/fpv4-sp/hard\libm.a(lib_a-w_asin.o) (__ieee754_asin)
c:/ac6/systemworkbench/plugins/fr.ac6.mcu.externaltools.arm-none.win32_1.17.0.201812190825/tools/compiler/bin/../lib/gcc/arm-none-eabi/7.3.1/../../../../arm-none-eabi/lib/thumb/v7e-m/fpv4-sp/hard\libm.a(lib_a-e_rem_pio2.o)
                              c:/ac6/systemworkbench/plugins/fr.ac6.mcu.externaltools.arm-none.win32_1.17.0.201812190825/tools/compiler/bin/../lib/gcc/arm-none-eabi/7.3.1/../../../../arm-none-eabi/lib/thumb/v7e-m/fpv4-sp/hard\libm.a(lib_a-s_cos.o) (__ieee754_rem_pio2)
c:/ac6/systemworkbench/plugins/fr.ac6.mcu.externaltools.arm-none.win32_1.17.0.201812190825/tools/compiler/bin/../lib/gcc/arm-none-eabi/7.3.1/../../../../arm-none-eabi/lib/thumb/v7e-m/fpv4-sp/hard\libm.a(lib_a-e_sqrt.o)
                              c:/ac6/systemworkbench/plugins/fr.ac6.mcu.externaltools.arm-none.win32_1.17.0.201812190825/tools/compiler/bin/../lib/gcc/arm-none-eabi/7.3.1/../../../../arm-none-eabi/lib/thumb/v7e-m/fpv4-sp/hard\libm.a(lib_a-w_sqrt.o) (__ieee754_sqrt)
c:/ac6/systemworkbench/plugins/fr.ac6.mcu.externaltools.arm-none.win32_1.17.0.201812190825/tools/compiler/bin/../lib/gcc/arm-none-eabi/7.3.1/../../../../arm-none-eabi/lib/thumb/v7e-m/fpv4-sp/hard\libm.a(lib_a-ef_asin.o)
                              c:/ac6/systemworkbench/plugins/fr.ac6.mcu.externaltools.arm-none.win32_1.17.0.201812190825/tools/compiler/bin/../lib/gcc/arm-none-eabi/7.3.1/../../../../arm-none-eabi/lib/thumb/v7e-m/fpv4-sp/hard\libm.a(lib_a-wf_asin.o) (__ieee754_asinf)
c:/ac6/systemworkbench/plugins/fr.ac6.mcu.externaltools.arm-none.win32_1.17.0.201812190825/tools/compiler/bin/../lib/gcc/arm-none-eabi/7.3.1/../../../../arm-none-eabi/lib/thumb/v7e-m/fpv4-sp/hard\libm.a(lib_a-ef_atan2.o)
                              c:/ac6/systemworkbench/plugins/fr.ac6.mcu.externaltools.arm-none.win32_1.17.0.201812190825/tools/compiler/bin/../lib/gcc/arm-none-eabi/7.3.1/../../../../arm-none-eabi/lib/thumb/v7e-m/fpv4-sp/hard\libm.a(lib_a-wf_atan2.o) (__ieee754_atan2f)
c:/ac6/systemworkbench/plugins/fr.ac6.mcu.externaltools.arm-none.win32_1.17.0.201812190825/tools/compiler/bin/../lib/gcc/arm-none-eabi/7.3.1/../../../../arm-none-eabi/lib/thumb/v7e-m/fpv4-sp/hard\libm.a(lib_a-ef_sqrt.o)
                              c:/ac6/systemworkbench/plugins/fr.ac6.mcu.externaltools.arm-none.win32_1.17.0.201812190825/tools/compiler/bin/../lib/gcc/arm-none-eabi/7.3.1/../../../../arm-none-eabi/lib/thumb/v7e-m/fpv4-sp/hard\libm.a(lib_a-ef_asin.o) (__ieee754_sqrtf)
c:/ac6/systemworkbench/plugins/fr.ac6.mcu.externaltools.arm-none.win32_1.17.0.201812190825/tools/compiler/bin/../lib/gcc/arm-none-eabi/7.3.1/../../../../arm-none-eabi/lib/thumb/v7e-m/fpv4-sp/hard\libm.a(lib_a-k_cos.o)
[...]
Memory Configuration

Name             Origin             Length             Attributes
RAM              0x20000000         0x00020000         xrw
CCMRAM           0x10000000         0x00010000         xrw
FLASH            0x08000000         0x00100000         xr
*default*        0x00000000         0xffffffff

Linker script and memory map

LOAD c:/ac6/systemworkbench/plugins/fr.ac6.mcu.externaltools.arm-none.win32_1.17.0.201812190825/tools/compiler/bin/../lib/gcc/arm-none-eabi/7.3.1/thumb/v7e-m/fpv4-sp/hard/crti.o
LOAD c:/ac6/systemworkbench/plugins/fr.ac6.mcu.externaltools.arm-none.win32_1.17.0.201812190825/tools/compiler/bin/../lib/gcc/arm-none-eabi/7.3.1/thumb/v7e-m/fpv4-sp/hard/crtbegin.o
LOAD c:/ac6/systemworkbench/plugins/fr.ac6.mcu.externaltools.arm-none.win32_1.17.0.201812190825/tools/compiler/bin/../lib/gcc/arm-none-eabi/7.3.1/../../../../arm-none-eabi/lib/thumb/v7e-m/fpv4-sp/hard/crt0.o
LOAD Drivers/STM32F4xx_HAL_Driver/Src/stm32f4xx_hal.o
LOAD Drivers/STM32F4xx_HAL_Driver/Src/stm32f4xx_hal_cortex.o
LOAD Drivers/STM32F4xx_HAL_Driver/Src/stm32f4xx_hal_dma.o
LOAD Drivers/STM32F4xx_HAL_Driver/Src/stm32f4xx_hal_dma_ex.o
LOAD Drivers/STM32F4xx_HAL_Driver/Src/stm32f4xx_hal_exti.o
LOAD Drivers/STM32F4xx_HAL_Driver/Src/stm32f4xx_hal_flash.o
LOAD Drivers/STM32F4xx_HAL_Driver/Src/stm32f4xx_hal_flash_ex.o
LOAD Drivers/STM32F4xx_HAL_Driver/Src/stm32f4xx_hal_flash_ramfunc.o
LOAD Drivers/STM32F4xx_HAL_Driver/Src/stm32f4xx_hal_gpio.o
LOAD Drivers/STM32F4xx_HAL_Driver/Src/stm32f4xx_hal_pwr.o
LOAD Drivers/STM32F4xx_HAL_Driver/Src/stm32f4xx_hal_pwr_ex.o
LOAD Drivers/STM32F4xx_HAL_Driver/Src/stm32f4xx_hal_rcc.o
LOAD Drivers/STM32F4xx_HAL_Driver/Src/stm32f4xx_hal_rcc_ex.o
LOAD Drivers/STM32F4xx_HAL_Driver/Src/stm32f4xx_hal_tim.o
LOAD Drivers/STM32F4xx_HAL_Driver/Src/stm32f4xx_hal_tim_ex.o
LOAD Drivers/STM32F4xx_HAL_Driver/Src/stm32f4xx_hal_uart.o
LOAD Drivers/STM32F4xx_HAL_Driver/Src/stm32f4xx_ll_adc.o
LOAD Drivers/STM32F4xx_HAL_Driver/Src/stm32f4xx_ll_dma.o
LOAD Drivers/STM32F4xx_HAL_Driver/Src/stm32f4xx_ll_exti.o
LOAD Drivers/STM32F4xx_HAL_Driver/Src/stm32f4xx_ll_gpio.o
LOAD Drivers/STM32F4xx_HAL_Driver/Src/stm32f4xx_ll_rcc.o
LOAD Drivers/STM32F4xx_HAL_Driver/Src/stm32f4xx_ll_spi.o
LOAD Drivers/STM32F4xx_HAL_Driver/Src/stm32f4xx_ll_tim.o
LOAD Drivers/STM32F4xx_HAL_Driver/Src/stm32f4xx_ll_utils.o
LOAD Src/Controller/control_variable.o
LOAD Src/Controller/motion.o
LOAD Src/Controller/pid.o
LOAD Src/Controller/trapzoid.o
LOAD Src/Machine/interrupt.o
LOAD Src/Machine/mode.o
LOAD Src/Machine/mode_select.o
LOAD Src/Peripheral/Buzzer.o
LOAD Src/Peripheral/Config.o
LOAD Src/Peripheral/Encoder.o
LOAD Src/Peripheral/Flash.o
LOAD Src/Peripheral/MachineIO.o
LOAD Src/Peripheral/Motor.o
LOAD Src/Peripheral/imu.o
LOAD Src/Peripheral/sensor.o
LOAD Src/Trace/mapping.o
LOAD Src/adc.o
LOAD Src/dma.o
LOAD Src/gpio.o
LOAD Src/main.o
LOAD Src/spi.o
LOAD Src/stm32f4xx_hal_msp.o
LOAD Src/stm32f4xx_it.o
LOAD Src/syscalls.o
LOAD Src/system_stm32f4xx.o
LOAD Src/tim.o
LOAD Src/usart.o
LOAD startup/startup_stm32f405xx.o
LOAD c:/ac6/systemworkbench/plugins/fr.ac6.mcu.externaltools.arm-none.win32_1.17.0.201812190825/tools/compiler/bin/../lib/gcc/arm-none-eabi/7.3.1/../../../../arm-none-eabi/lib/thumb/v7e-m/fpv4-sp/hard\libm.a
START GROUP
LOAD c:/ac6/systemworkbench/plugins/fr.ac6.mcu.externaltools.arm-none.win32_1.17.0.201812190825/tools/compiler/bin/../lib/gcc/arm-none-eabi/7.3.1/thumb/v7e-m/fpv4-sp/hard\libgcc.a
LOAD c:/ac6/systemworkbench/plugins/fr.ac6.mcu.externaltools.arm-none.win32_1.17.0.201812190825/tools/compiler/bin/../lib/gcc/arm-none-eabi/7.3.1/../../../../arm-none-eabi/lib/thumb/v7e-m/fpv4-sp/hard\libc_nano.a
END GROUP
START GROUP
LOAD c:/ac6/systemworkbench/plugins/fr.ac6.mcu.externaltools.arm-none.win32_1.17.0.201812190825/tools/compiler/bin/../lib/gcc/arm-none-eabi/7.3.1/thumb/v7e-m/fpv4-sp/hard\libgcc.a
LOAD c:/ac6/systemworkbench/plugins/fr.ac6.mcu.externaltools.arm-none.win32_1.17.0.201812190825/tools/compiler/bin/../lib/gcc/arm-none-eabi/7.3.1/../../../../arm-none-eabi/lib/thumb/v7e-m/fpv4-sp/hard\libc_nano.a
LOAD c:/ac6/systemworkbench/plugins/fr.ac6.mcu.externaltools.arm-none.win32_1.17.0.201812190825/tools/compiler/bin/../lib/gcc/arm-none-eabi/7.3.1/../../../../arm-none-eabi/lib/thumb/v7e-m/fpv4-sp/hard\libnosys.a
END GROUP
START GROUP
LOAD c:/ac6/systemworkbench/plugins/fr.ac6.mcu.externaltools.arm-none.win32_1.17.0.201812190825/tools/compiler/bin/../lib/gcc/arm-none-eabi/7.3.1/thumb/v7e-m/fpv4-sp/hard\libgcc.a
LOAD c:/ac6/systemworkbench/plugins/fr.ac6.mcu.externaltools.arm-none.win32_1.17.0.201812190825/tools/compiler/bin/../lib/gcc/arm-none-eabi/7.3.1/../../../../arm-none-eabi/lib/thumb/v7e-m/fpv4-sp/hard\libc_nano.a
LOAD c:/ac6/systemworkbench/plugins/fr.ac6.mcu.externaltools.arm-none.win32_1.17.0.201812190825/tools/compiler/bin/../lib/gcc/arm-none-eabi/7.3.1/../../../../arm-none-eabi/lib/thumb/v7e-m/fpv4-sp/hard\libnosys.a
END GROUP
LOAD c:/ac6/systemworkbench/plugins/fr.ac6.mcu.externaltools.arm-none.win32_1.17.0.201812190825/tools/compiler/bin/../lib/gcc/arm-none-eabi/7.3.1/thumb/v7e-m/fpv4-sp/hard/crtend.o
LOAD c:/ac6/systemworkbench/plugins/fr.ac6.mcu.externaltools.arm-none.win32_1.17.0.201812190825/tools/compiler/bin/../lib/gcc/arm-none-eabi/7.3.1/thumb/v7e-m/fpv4-sp/hard/crtn.o
                0x20020000                _estack = 0x20020000
                0x00000200                _Min_Heap_Size = 0x200
                0x00000400                _Min_Stack_Size = 0x400

.isr_vector     0x08000000      0x188
                0x08000000                . = ALIGN (0x4)
 *(.isr_vector)
 .isr_vector    0x08000000      0x188 startup/startup_stm32f405xx.o
                0x08000000                g_pfnVectors
                0x08000188                . = ALIGN (0x4)

.text           0x08000188     0x27e8
                0x08000188                . = ALIGN (0x4)
 *(.text)
 .text          0x08000188       0x40 c:/ac6/systemworkbench/plugins/fr.ac6.mcu.externaltools.arm-none.win32_1.17.0.201812190825/tools/compiler/bin/../lib/gcc/arm-none-eabi/7.3.1/thumb/v7e-m/fpv4-sp/hard/crtbegin.o
 .text          0x080001c8       0x30 c:/ac6/systemworkbench/plugins/fr.ac6.mcu.externaltools.arm-none.win32_1.17.0.201812190825/tools/compiler/bin/../lib/gcc/arm-none-eabi/7.3.1/thumb/v7e-m/fpv4-sp/hard\libgcc.a(_aeabi_uldivmod.o)
                0x080001c8                __aeabi_uldivmod
 .text          0x080001f8      0x2cc c:/ac6/systemworkbench/plugins/fr.ac6.mcu.externaltools.arm-none.win32_1.17.0.201812190825/tools/compiler/bin/../lib/gcc/arm-none-eabi/7.3.1/thumb/v7e-m/fpv4-sp/hard\libgcc.a(_udivmoddi4.o)
                0x080001f8                __udivmoddi4
 .text          0x080004c4        0x4 c:/ac6/systemworkbench/plugins/fr.ac6.mcu.externaltools.arm-none.win32_1.17.0.201812190825/tools/compiler/bin/../lib/gcc/arm-none-eabi/7.3.1/thumb/v7e-m/fpv4-sp/hard\libgcc.a(_dvmd_tls.o)
                0x080004c4                __aeabi_idiv0
                0x080004c4                __aeabi_ldiv0
 *(.text*)
 .text.HAL_InitTick
                0x080004c8       0x48 Drivers/STM32F4xx_HAL_Driver/Src/stm32f4xx_hal.o
                0x080004c8                HAL_InitTick
 .text.HAL_Init
                0x08000510       0x34 Drivers/STM32F4xx_HAL_Driver/Src/stm32f4xx_hal.o
                0x08000510                HAL_Init
 .text.HAL_IncTick
                0x08000544       0x18 Drivers/STM32F4xx_HAL_Driver/Src/stm32f4xx_hal.o
                0x08000544                HAL_IncTick
 .text.HAL_GetTick
                0x0800055c        0xc Drivers/STM32F4xx_HAL_Driver/Src/stm32f4xx_hal.o
                0x0800055c                HAL_GetTick
 .text.HAL_NVIC_SetPriorityGrouping
                0x08000568       0x24 Drivers/STM32F4xx_HAL_Driver/Src/stm32f4xx_hal_cortex.o
                0x08000568                HAL_NVIC_SetPriorityGrouping
 .text.HAL_NVIC_SetPriority
                0x0800058c       0x68 Drivers/STM32F4xx_HAL_Driver/Src/stm32f4xx_hal_cortex.o
                0x0800058c                HAL_NVIC_SetPriority
 .text.HAL_SYSTICK_Config
                0x080005f4       0x2c Drivers/STM32F4xx_HAL_Driver/Src/stm32f4xx_hal_cortex.o
                0x080005f4                HAL_SYSTICK_Config
 .text.HAL_GPIO_Init
                0x08000620      0x1c8 Drivers/STM32F4xx_HAL_Driver/Src/stm32f4xx_hal_gpio.o
                0x08000620                HAL_GPIO_Init
 .text.HAL_RCC_GetHCLKFreq
                0x080007e8        0xc Drivers/STM32F4xx_HAL_Driver/Src/stm32f4xx_hal_rcc.o
                0x080007e8                HAL_RCC_GetHCLKFreq
 .text.HAL_RCC_GetPCLK1Freq
                0x080007f4       0x20 Drivers/STM32F4xx_HAL_Driver/Src/stm32f4xx_hal_rcc.o
                0x080007f4                HAL_RCC_GetPCLK1Freq
 .text.HAL_RCC_GetPCLK2Freq
                0x08000814       0x20 Drivers/STM32F4xx_HAL_Driver/Src/stm32f4xx_hal_rcc.o
                0x08000814                HAL_RCC_GetPCLK2Freq
 .text.UART_SetConfig
                0x08000834      0x218 Drivers/STM32F4xx_HAL_Driver/Src/stm32f4xx_hal_uart.o
 .text.UART_WaitOnFlagUntilTimeout
                0x08000a4c       0x62 Drivers/STM32F4xx_HAL_Driver/Src/stm32f4xx_hal_uart.o
 .text.HAL_UART_Init
                0x08000aae       0x5e Drivers/STM32F4xx_HAL_Driver/Src/stm32f4xx_hal_uart.o
                0x08000aae                HAL_UART_Init
 .text.HAL_UART_Transmit
                0x08000b0c       0xe2 Drivers/STM32F4xx_HAL_Driver/Src/stm32f4xx_hal_uart.o
                0x08000b0c                HAL_UART_Transmit
 .text.HAL_UART_Receive
                0x08000bee       0xe8 Drivers/STM32F4xx_HAL_Driver/Src/stm32f4xx_hal_uart.o
                0x08000bee                HAL_UART_Receive
 *fill*         0x08000cd6        0x2 
 .text.LL_ADC_CommonInit
                0x08000cd8       0x5c Drivers/STM32F4xx_HAL_Driver/Src/stm32f4xx_ll_adc.o
                0x08000cd8                LL_ADC_CommonInit
 .text.LL_ADC_Init
                0x08000d34       0x36 Drivers/STM32F4xx_HAL_Driver/Src/stm32f4xx_ll_adc.o
                0x08000d34                LL_ADC_Init
 *fill*         0x08000d6a        0x2 
 .text.LL_ADC_REG_Init
                0x08000d6c       0x58 Drivers/STM32F4xx_HAL_Driver/Src/stm32f4xx_ll_adc.o
                0x08000d6c                LL_ADC_REG_Init
 .text.LL_GPIO_Init
                0x08000dc4      0x13e Drivers/STM32F4xx_HAL_Driver/Src/stm32f4xx_ll_gpio.o
                0x08000dc4                LL_GPIO_Init
 .text.LL_SPI_Init
                0x08000f02       0x74 Drivers/STM32F4xx_HAL_Driver/Src/stm32f4xx_ll_spi.o
                0x08000f02                LL_SPI_Init
 *fill*         0x08000f76        0x2 
 .text.OC1Config
                0x08000f78       0x70 Drivers/STM32F4xx_HAL_Driver/Src/stm32f4xx_ll_tim.o
 .text.OC2Config
                0x08000fe8       0x78 Drivers/STM32F4xx_HAL_Driver/Src/stm32f4xx_ll_tim.o
 .text.OC3Config
                0x08001060       0x78 Drivers/STM32F4xx_HAL_Driver/Src/stm32f4xx_ll_tim.o
 .text.OC4Config
                0x080010d8       0x5c Drivers/STM32F4xx_HAL_Driver/Src/stm32f4xx_ll_tim.o
 .text.LL_TIM_Init
                0x08001134       0xc8 Drivers/STM32F4xx_HAL_Driver/Src/stm32f4xx_ll_tim.o
                0x08001134                LL_TIM_Init
 .text.LL_TIM_OC_Init
                0x080011fc       0x3c Drivers/STM32F4xx_HAL_Driver/Src/stm32f4xx_ll_tim.o
                0x080011fc                LL_TIM_OC_Init
 .text.LL_TIM_BDTR_Init
                0x08001238       0x3a Drivers/STM32F4xx_HAL_Driver/Src/stm32f4xx_ll_tim.o
                0x08001238                LL_TIM_BDTR_Init
 *fill*         0x08001272        0x2 
 .text.LL_SetSystemCoreClock
                0x08001274        0xc Drivers/STM32F4xx_HAL_Driver/Src/stm32f4xx_ll_utils.o
                0x08001274                LL_SetSystemCoreClock
 .text.MX_ADC1_Init
                0x08001280      0x458 Src/adc.o
                0x08001280                MX_ADC1_Init
 .text.MX_ADC2_Init
                0x080016d8       0xf0 Src/adc.o
                0x080016d8                MX_ADC2_Init
 .text.MX_DMA_Init
                0x080017c8       0x38 Src/dma.o
                0x080017c8                MX_DMA_Init
 .text.MX_GPIO_Init
                0x08001800      0x14c Src/gpio.o
                0x08001800                MX_GPIO_Init
 .text.SystemClock_Config
                0x0800194c       0xc0 Src/main.o
                0x0800194c                SystemClock_Config
 .text.main     0x08001a0c       0x64 Src/main.o
                0x08001a0c                main
 .text.__io_putchar
                0x08001a70       0x20 Src/main.o
                0x08001a70                __io_putchar
 .text.__io_getchar
                0x08001a90       0x28 Src/main.o
                0x08001a90                __io_getchar
 .text.Error_Handler
                0x08001ab8        0x2 Src/main.o
                0x08001ab8                Error_Handler
 *fill*         0x08001aba        0x2 
 .text.MX_SPI1_Init
                0x08001abc       0x98 Src/spi.o
                0x08001abc                MX_SPI1_Init
 .text.MX_SPI2_Init
                0x08001b54       0x98 Src/spi.o
                0x08001b54                MX_SPI2_Init
 .text.MX_SPI3_Init
                0x08001bec       0x98 Src/spi.o
                0x08001bec                MX_SPI3_Init
 .text.HAL_MspInit
                0x08001c84       0x38 Src/stm32f4xx_hal_msp.o
                0x08001c84                HAL_MspInit
 .text.NMI_Handler
                0x08001cbc        0x2 Src/stm32f4xx_it.o
                0x08001cbc                NMI_Handler
 .text.HardFault_Handler
                0x08001cbe        0x2 Src/stm32f4xx_it.o
                0x08001cbe                HardFault_Handler
 .text.MemManage_Handler
                0x08001cc0        0x2 Src/stm32f4xx_it.o
                0x08001cc0                MemManage_Handler
 .text.BusFault_Handler
                0x08001cc2        0x2 Src/stm32f4xx_it.o
                0x08001cc2                BusFault_Handler
 .text.UsageFault_Handler
                0x08001cc4        0x2 Src/stm32f4xx_it.o
                0x08001cc4                UsageFault_Handler
 .text.SVC_Handler
                0x08001cc6        0x2 Src/stm32f4xx_it.o
                0x08001cc6                SVC_Handler
 .text.DebugMon_Handler
                0x08001cc8        0x2 Src/stm32f4xx_it.o
                0x08001cc8                DebugMon_Handler
 .text.PendSV_Handler
                0x08001cca        0x2 Src/stm32f4xx_it.o
                0x08001cca                PendSV_Handler
 .text.SysTick_Handler
                0x08001ccc        0x8 Src/stm32f4xx_it.o
                0x08001ccc                SysTick_Handler
 .text.TIM5_IRQHandler
                0x08001cd4       0x18 Src/stm32f4xx_it.o
                0x08001cd4                TIM5_IRQHandler
 .text.DMA2_Stream0_IRQHandler
                0x08001cec        0x2 Src/stm32f4xx_it.o
                0x08001cec                DMA2_Stream0_IRQHandler
 .text._read    0x08001cee       0x1c Src/syscalls.o
                0x08001cee                _read
 .text._write   0x08001d0a       0x1c Src/syscalls.o
                0x08001d0a                _write
 *fill*         0x08001d26        0x2 
 .text._sbrk    0x08001d28       0x3c Src/syscalls.o
                0x08001d28                _sbrk
 .text._close   0x08001d64        0x6 Src/syscalls.o
                0x08001d64                _close
 .text._fstat   0x08001d6a        0xa Src/syscalls.o
                0x08001d6a                _fstat
 .text._lseek   0x08001d74        0x4 Src/syscalls.o
                0x08001d74                _lseek
 .text.SystemInit
                0x08001d78       0x1c Src/system_stm32f4xx.o
                0x08001d78                SystemInit
 .text.MX_TIM1_Init
                0x08001d94       0xfc Src/tim.o
                0x08001d94                MX_TIM1_Init
 .text.MX_TIM5_Init
                0x08001e90       0x88 Src/tim.o
                0x08001e90                MX_TIM5_Init
 .text.MX_TIM9_Init
                0x08001f18       0xb4 Src/tim.o
                0x08001f18                MX_TIM9_Init
 .text.MX_TIM11_Init
                0x08001fcc       0xc8 Src/tim.o
                0x08001fcc                MX_TIM11_Init
 .text.MX_USART6_UART_Init
                0x08002094       0x34 Src/usart.o
                0x08002094                MX_USART6_UART_Init
 .text.HAL_UART_MspInit
                0x080020c8       0x74 Src/usart.o
                0x080020c8                HAL_UART_MspInit
 .text.Reset_Handler
                0x0800213c       0x50 startup/startup_stm32f405xx.o
                0x0800213c                Reset_Handler
 .text.Default_Handler
                0x0800218c        0x2 startup/startup_stm32f405xx.o
                0x0800218c                RTC_Alarm_IRQHandler
                0x0800218c                HASH_RNG_IRQHandler
                0x0800218c                EXTI2_IRQHandler
                0x0800218c                TIM8_CC_IRQHandler
                0x0800218c                TIM1_CC_IRQHandler
                0x0800218c                DMA2_Stream5_IRQHandler
                0x0800218c                DMA1_Stream5_IRQHandler
                0x0800218c                PVD_IRQHandler
                0x0800218c                SDIO_IRQHandler
                0x0800218c                TAMP_STAMP_IRQHandler
                0x0800218c                CAN2_RX1_IRQHandler
                0x0800218c                EXTI3_IRQHandler
                0x0800218c                TIM8_TRG_COM_TIM14_IRQHandler
                0x0800218c                TIM1_UP_TIM10_IRQHandler
                0x0800218c                TIM8_UP_TIM13_IRQHandler
                0x0800218c                I2C3_ER_IRQHandler
                0x0800218c                EXTI0_IRQHandler
                0x0800218c                I2C2_EV_IRQHandler
                0x0800218c                DMA1_Stream2_IRQHandler
                0x0800218c                CAN1_RX0_IRQHandler
                0x0800218c                FPU_IRQHandler
                0x0800218c                OTG_HS_WKUP_IRQHandler
                0x0800218c                CAN2_SCE_IRQHandler
                0x0800218c                DMA2_Stream2_IRQHandler
                0x0800218c                SPI1_IRQHandler
                0x0800218c                TIM6_DAC_IRQHandler
                0x0800218c                TIM1_BRK_TIM9_IRQHandler
                0x0800218c                CAN2_RX0_IRQHandler
                0x0800218c                DMA2_Stream3_IRQHandler
                0x0800218c                USART6_IRQHandler
                0x0800218c                USART3_IRQHandler
                0x0800218c                CAN1_RX1_IRQHandler
                0x0800218c                UART5_IRQHandler
                0x0800218c                TIM4_IRQHandler
                0x0800218c                I2C1_EV_IRQHandler
                0x0800218c                DMA1_Stream6_IRQHandler
                0x0800218c                DMA1_Stream1_IRQHandler
                0x0800218c                UART4_IRQHandler
                0x0800218c                TIM3_IRQHandler
                0x0800218c                RCC_IRQHandler
                0x0800218c                TIM8_BRK_TIM12_IRQHandler
                0x0800218c                Default_Handler
                0x0800218c                EXTI15_10_IRQHandler
                0x0800218c                ADC_IRQHandler
                0x0800218c                DMA1_Stream7_IRQHandler
                0x0800218c                TIM7_IRQHandler
                0x0800218c                CAN2_TX_IRQHandler
                0x0800218c                DMA2_Stream7_IRQHandler
                0x0800218c                I2C3_EV_IRQHandler
                0x0800218c                EXTI9_5_IRQHandler
                0x0800218c                RTC_WKUP_IRQHandler
                0x0800218c                SPI2_IRQHandler
                0x0800218c                OTG_HS_EP1_IN_IRQHandler
                0x0800218c                DMA1_Stream0_IRQHandler
                0x0800218c                CAN1_TX_IRQHandler
                0x0800218c                EXTI4_IRQHandler
                0x0800218c                FSMC_IRQHandler
                0x0800218c                OTG_HS_EP1_OUT_IRQHandler
                0x0800218c                WWDG_IRQHandler
                0x0800218c                TIM2_IRQHandler
                0x0800218c                OTG_FS_WKUP_IRQHandler
                0x0800218c                TIM1_TRG_COM_TIM11_IRQHandler
                0x0800218c                OTG_HS_IRQHandler
                0x0800218c                EXTI1_IRQHandler
                0x0800218c                USART2_IRQHandler
                0x0800218c                I2C2_ER_IRQHandler
                0x0800218c                DMA2_Stream1_IRQHandler
                0x0800218c                CAN1_SCE_IRQHandler
                0x0800218c                FLASH_IRQHandler
                0x0800218c                DMA2_Stream4_IRQHandler
                0x0800218c                USART1_IRQHandler
                0x0800218c                OTG_FS_IRQHandler
                0x0800218c                SPI3_IRQHandler
                0x0800218c                DMA1_Stream4_IRQHandler
                0x0800218c                I2C1_ER_IRQHandler
                0x0800218c                DMA2_Stream6_IRQHandler
                0x0800218c                DMA1_Stream3_IRQHandler
 *fill*         0x0800218e        0x2 
 .text.__errno  0x08002190        0xc c:/ac6/systemworkbench/plugins/fr.ac6.mcu.externaltools.arm-none.win32_1.17.0.201812190825/tools/compiler/bin/../lib/gcc/arm-none-eabi/7.3.1/../../../../arm-none-eabi/lib/thumb/v7e-m/fpv4-sp/hard\libc_nano.a(lib_a-errno.o)
                0x08002190                __errno
 .text.__libc_init_array
                0x0800219c       0x48 c:/ac6/systemworkbench/plugins/fr.ac6.mcu.externaltools.arm-none.win32_1.17.0.201812190825/tools/compiler/bin/../lib/gcc/arm-none-eabi/7.3.1/../../../../arm-none-eabi/lib/thumb/v7e-m/fpv4-sp/hard\libc_nano.a(lib_a-init.o)
                0x0800219c                __libc_init_array
 .text.memset   0x080021e4       0x10 c:/ac6/systemworkbench/plugins/fr.ac6.mcu.externaltools.arm-none.win32_1.17.0.201812190825/tools/compiler/bin/../lib/gcc/arm-none-eabi/7.3.1/../../../../arm-none-eabi/lib/thumb/v7e-m/fpv4-sp/hard\libc_nano.a(lib_a-memset.o)
                0x080021e4                memset
 .text.setbuf   0x080021f4       0x10 c:/ac6/systemworkbench/plugins/fr.ac6.mcu.externaltools.arm-none.win32_1.17.0.201812190825/tools/compiler/bin/../lib/gcc/arm-none-eabi/7.3.1/../../../../arm-none-eabi/lib/thumb/v7e-m/fpv4-sp/hard\libc_nano.a(lib_a-setbuf.o)
                0x080021f4                setbuf
 .text.setvbuf  0x08002204      0x15c c:/ac6/systemworkbench/plugins/fr.ac6.mcu.externaltools.arm-none.win32_1.17.0.201812190825/tools/compiler/bin/../lib/gcc/arm-none-eabi/7.3.1/../../../../arm-none-eabi/lib/thumb/v7e-m/fpv4-sp/hard\libc_nano.a(lib_a-setvbuf.o)
                0x08002204                setvbuf
 .text.__sflush_r
                0x08002360      0x10c c:/ac6/systemworkbench/plugins/fr.ac6.mcu.externaltools.arm-none.win32_1.17.0.201812190825/tools/compiler/bin/../lib/gcc/arm-none-eabi/7.3.1/../../../../arm-none-eabi/lib/thumb/v7e-m/fpv4-sp/hard\libc_nano.a(lib_a-fflush.o)
                0x08002360                __sflush_r
 .text._fflush_r
                0x0800246c       0x54 c:/ac6/systemworkbench/plugins/fr.ac6.mcu.externaltools.arm-none.win32_1.17.0.201812190825/tools/compiler/bin/../lib/gcc/arm-none-eabi/7.3.1/../../../../arm-none-eabi/lib/thumb/v7e-m/fpv4-sp/hard\libc_nano.a(lib_a-fflush.o)
                0x0800246c                _fflush_r
 .text.std      0x080024c0       0x48 c:/ac6/systemworkbench/plugins/fr.ac6.mcu.externaltools.arm-none.win32_1.17.0.201812190825/tools/compiler/bin/../lib/gcc/arm-none-eabi/7.3.1/../../../../arm-none-eabi/lib/thumb/v7e-m/fpv4-sp/hard\libc_nano.a(lib_a-findfp.o)
 .text._cleanup_r
                0x08002508        0xc c:/ac6/systemworkbench/plugins/fr.ac6.mcu.externaltools.arm-none.win32_1.17.0.201812190825/tools/compiler/bin/../lib/gcc/arm-none-eabi/7.3.1/../../../../arm-none-eabi/lib/thumb/v7e-m/fpv4-sp/hard\libc_nano.a(lib_a-findfp.o)
                0x08002508                _cleanup_r
 .text.__sfmoreglue
                0x08002514       0x2c c:/ac6/systemworkbench/plugins/fr.ac6.mcu.externaltools.arm-none.win32_1.17.0.201812190825/tools/compiler/bin/../lib/gcc/arm-none-eabi/7.3.1/../../../../arm-none-eabi/lib/thumb/v7e-m/fpv4-sp/hard\libc_nano.a(lib_a-findfp.o)
                0x08002514                __sfmoreglue
 .text.__sinit  0x08002540       0x60 c:/ac6/systemworkbench/plugins/fr.ac6.mcu.externaltools.arm-none.win32_1.17.0.201812190825/tools/compiler/bin/../lib/gcc/arm-none-eabi/7.3.1/../../../../arm-none-eabi/lib/thumb/v7e-m/fpv4-sp/hard\libc_nano.a(lib_a-findfp.o)
                0x08002540                __sinit
 .text.__sfp    0x080025a0       0x78 c:/ac6/systemworkbench/plugins/fr.ac6.mcu.externaltools.arm-none.win32_1.17.0.201812190825/tools/compiler/bin/../lib/gcc/arm-none-eabi/7.3.1/../../../../arm-none-eabi/lib/thumb/v7e-m/fpv4-sp/hard\libc_nano.a(lib_a-findfp.o)
                0x080025a0                __sfp
 .text._fwalk_reent
                0x08002618       0x3c c:/ac6/systemworkbench/plugins/fr.ac6.mcu.externaltools.arm-none.win32_1.17.0.201812190825/tools/compiler/bin/../lib/gcc/arm-none-eabi/7.3.1/../../../../arm-none-eabi/lib/thumb/v7e-m/fpv4-sp/hard\libc_nano.a(lib_a-fwalk.o)
                0x08002618                _fwalk_reent
 .text.__swhatbuf_r
                0x08002654       0x48 c:/ac6/systemworkbench/plugins/fr.ac6.mcu.externaltools.arm-none.win32_1.17.0.201812190825/tools/compiler/bin/../lib/gcc/arm-none-eabi/7.3.1/../../../../arm-none-eabi/lib/thumb/v7e-m/fpv4-sp/hard\libc_nano.a(lib_a-makebuf.o)
                0x08002654                __swhatbuf_r
 .text.malloc   0x0800269c       0x10 c:/ac6/systemworkbench/plugins/fr.ac6.mcu.externaltools.arm-none.win32_1.17.0.201812190825/tools/compiler/bin/../lib/gcc/arm-none-eabi/7.3.1/../../../../arm-none-eabi/lib/thumb/v7e-m/fpv4-sp/hard\libc_nano.a(lib_a-malloc.o)
                0x0800269c                malloc
 .text._free_r  0x080026ac       0x9c c:/ac6/systemworkbench/plugins/fr.ac6.mcu.externaltools.arm-none.win32_1.17.0.201812190825/tools/compiler/bin/../lib/gcc/arm-none-eabi/7.3.1/../../../../arm-none-eabi/lib/thumb/v7e-m/fpv4-sp/hard\libc_nano.a(lib_a-nano-freer.o)
                0x080026ac                _free_r
 .text._malloc_r
                0x08002748       0xb4 c:/ac6/systemworkbench/plugins/fr.ac6.mcu.externaltools.arm-none.win32_1.17.0.201812190825/tools/compiler/bin/../lib/gcc/arm-none-eabi/7.3.1/../../../../arm-none-eabi/lib/thumb/v7e-m/fpv4-sp/hard\libc_nano.a(lib_a-nano-mallocr.o)
                0x08002748                _malloc_r
 .text._sbrk_r  0x080027fc       0x20 c:/ac6/systemworkbench/plugins/fr.ac6.mcu.externaltools.arm-none.win32_1.17.0.201812190825/tools/compiler/bin/../lib/gcc/arm-none-eabi/7.3.1/../../../../arm-none-eabi/lib/thumb/v7e-m/fpv4-sp/hard\libc_nano.a(lib_a-sbrkr.o)
                0x080027fc                _sbrk_r
 .text.__sread  0x0800281c       0x22 c:/ac6/systemworkbench/plugins/fr.ac6.mcu.externaltools.arm-none.win32_1.17.0.201812190825/tools/compiler/bin/../lib/gcc/arm-none-eabi/7.3.1/../../../../arm-none-eabi/lib/thumb/v7e-m/fpv4-sp/hard\libc_nano.a(lib_a-stdio.o)
                0x0800281c                __sread
 .text.__swrite
                0x0800283e       0x38 c:/ac6/systemworkbench/plugins/fr.ac6.mcu.externaltools.arm-none.win32_1.17.0.201812190825/tools/compiler/bin/../lib/gcc/arm-none-eabi/7.3.1/../../../../arm-none-eabi/lib/thumb/v7e-m/fpv4-sp/hard\libc_nano.a(lib_a-stdio.o)
                0x0800283e                __swrite
 .text.__sseek  0x08002876       0x24 c:/ac6/systemworkbench/plugins/fr.ac6.mcu.externaltools.arm-none.win32_1.17.0.201812190825/tools/compiler/bin/../lib/gcc/arm-none-eabi/7.3.1/../../../../arm-none-eabi/lib/thumb/v7e-m/fpv4-sp/hard\libc_nano.a(lib_a-stdio.o)
                0x08002876                __sseek
 .text.__sclose
                0x0800289a        0x8 c:/ac6/systemworkbench/plugins/fr.ac6.mcu.externaltools.arm-none.win32_1.17.0.201812190825/tools/compiler/bin/../lib/gcc/arm-none-eabi/7.3.1/../../../../arm-none-eabi/lib/thumb/v7e-m/fpv4-sp/hard\libc_nano.a(lib_a-stdio.o)
                0x0800289a                __sclose
 *fill*         0x080028a2        0x2 
 .text._write_r
                0x080028a4       0x24 c:/ac6/systemworkbench/plugins/fr.ac6.mcu.externaltools.arm-none.win32_1.17.0.201812190825/tools/compiler/bin/../lib/gcc/arm-none-eabi/7.3.1/../../../../arm-none-eabi/lib/thumb/v7e-m/fpv4-sp/hard\libc_nano.a(lib_a-writer.o)
                0x080028a4                _write_r
 .text._close_r
                0x080028c8       0x20 c:/ac6/systemworkbench/plugins/fr.ac6.mcu.externaltools.arm-none.win32_1.17.0.201812190825/tools/compiler/bin/../lib/gcc/arm-none-eabi/7.3.1/../../../../arm-none-eabi/lib/thumb/v7e-m/fpv4-sp/hard\libc_nano.a(lib_a-closer.o)
                0x080028c8                _close_r
 .text._fstat_r
                0x080028e8       0x24 c:/ac6/systemworkbench/plugins/fr.ac6.mcu.externaltools.arm-none.win32_1.17.0.201812190825/tools/compiler/bin/../lib/gcc/arm-none-eabi/7.3.1/../../../../arm-none-eabi/lib/thumb/v7e-m/fpv4-sp/hard\libc_nano.a(lib_a-fstatr.o)
                0x080028e8                _fstat_r
 .text._lseek_r
                0x0800290c       0x24 c:/ac6/systemworkbench/plugins/fr.ac6.mcu.externaltools.arm-none.win32_1.17.0.201812190825/tools/compiler/bin/../lib/gcc/arm-none-eabi/7.3.1/../../../../arm-none-eabi/lib/thumb/v7e-m/fpv4-sp/hard\libc_nano.a(lib_a-lseekr.o)
                0x0800290c                _lseek_r
 .text.__malloc_lock
                0x08002930        0x2 c:/ac6/systemworkbench/plugins/fr.ac6.mcu.externaltools.arm-none.win32_1.17.0.201812190825/tools/compiler/bin/../lib/gcc/arm-none-eabi/7.3.1/../../../../arm-none-eabi/lib/thumb/v7e-m/fpv4-sp/hard\libc_nano.a(lib_a-mlock.o)
                0x08002930                __malloc_lock
 .text.__malloc_unlock
                0x08002932        0x2 c:/ac6/systemworkbench/plugins/fr.ac6.mcu.externaltools.arm-none.win32_1.17.0.201812190825/tools/compiler/bin/../lib/gcc/arm-none-eabi/7.3.1/../../../../arm-none-eabi/lib/thumb/v7e-m/fpv4-sp/hard\libc_nano.a(lib_a-mlock.o)
                0x08002932                __malloc_unlock
 .text._read_r  0x08002934       0x24 c:/ac6/systemworkbench/plugins/fr.ac6.mcu.externaltools.arm-none.win32_1.17.0.201812190825/tools/compiler/bin/../lib/gcc/arm-none-eabi/7.3.1/../../../../arm-none-eabi/lib/thumb/v7e-m/fpv4-sp/hard\libc_nano.a(lib_a-readr.o)
                0x08002934                _read_r
 *(.glue_7)
 .glue_7        0x08002958        0x0 linker stubs
 *(.glue_7t)
 .glue_7t       0x08002958        0x0 linker stubs
 *(.eh_frame)
 .eh_frame      0x08002958        0x0 c:/ac6/systemworkbench/plugins/fr.ac6.mcu.externaltools.arm-none.win32_1.17.0.201812190825/tools/compiler/bin/../lib/gcc/arm-none-eabi/7.3.1/thumb/v7e-m/fpv4-sp/hard/crtbegin.o
 *(.init)
 .init          0x08002958        0x4 c:/ac6/systemworkbench/plugins/fr.ac6.mcu.externaltools.arm-none.win32_1.17.0.201812190825/tools/compiler/bin/../lib/gcc/arm-none-eabi/7.3.1/thumb/v7e-m/fpv4-sp/hard/crti.o
                0x08002958                _init
 .init          0x0800295c        0x8 c:/ac6/systemworkbench/plugins/fr.ac6.mcu.externaltools.arm-none.win32_1.17.0.201812190825/tools/compiler/bin/../lib/gcc/arm-none-eabi/7.3.1/thumb/v7e-m/fpv4-sp/hard/crtn.o
 *(.fini)
 .fini          0x08002964        0x4 c:/ac6/systemworkbench/plugins/fr.ac6.mcu.externaltools.arm-none.win32_1.17.0.201812190825/tools/compiler/bin/../lib/gcc/arm-none-eabi/7.3.1/thumb/v7e-m/fpv4-sp/hard/crti.o
                0x08002964                _fini
 .fini          0x08002968        0x8 c:/ac6/systemworkbench/plugins/fr.ac6.mcu.externaltools.arm-none.win32_1.17.0.201812190825/tools/compiler/bin/../lib/gcc/arm-none-eabi/7.3.1/thumb/v7e-m/fpv4-sp/hard/crtn.o
                0x08002970                . = ALIGN (0x4)
                0x08002970                _etext = .

.vfp11_veneer   0x08002970        0x0
 .vfp11_veneer  0x08002970        0x0 linker stubs

.v4_bx          0x08002970        0x0
 .v4_bx         0x08002970        0x0 linker stubs

.iplt           0x08002970        0x0
 .iplt          0x08002970        0x0 c:/ac6/systemworkbench/plugins/fr.ac6.mcu.externaltools.arm-none.win32_1.17.0.201812190825/tools/compiler/bin/../lib/gcc/arm-none-eabi/7.3.1/thumb/v7e-m/fpv4-sp/hard/crtbegin.o

.rodata         0x08002970       0x7c
                0x08002970                . = ALIGN (0x4)
 *(.rodata)
 .rodata        0x08002970       0x18 Src/system_stm32f4xx.o
                0x08002970                AHBPrescTable
                0x08002980                APBPrescTable
 *(.rodata*)
 .rodata._global_impure_ptr
                0x08002988        0x4 c:/ac6/systemworkbench/plugins/fr.ac6.mcu.externaltools.arm-none.win32_1.17.0.201812190825/tools/compiler/bin/../lib/gcc/arm-none-eabi/7.3.1/../../../../arm-none-eabi/lib/thumb/v7e-m/fpv4-sp/hard\libc_nano.a(lib_a-impure.o)
                0x08002988                _global_impure_ptr
 .rodata.__sf_fake_stderr
                0x0800298c       0x20 c:/ac6/systemworkbench/plugins/fr.ac6.mcu.externaltools.arm-none.win32_1.17.0.201812190825/tools/compiler/bin/../lib/gcc/arm-none-eabi/7.3.1/../../../../arm-none-eabi/lib/thumb/v7e-m/fpv4-sp/hard\libc_nano.a(lib_a-findfp.o)
                0x0800298c                __sf_fake_stderr
 .rodata.__sf_fake_stdin
                0x080029ac       0x20 c:/ac6/systemworkbench/plugins/fr.ac6.mcu.externaltools.arm-none.win32_1.17.0.201812190825/tools/compiler/bin/../lib/gcc/arm-none-eabi/7.3.1/../../../../arm-none-eabi/lib/thumb/v7e-m/fpv4-sp/hard\libc_nano.a(lib_a-findfp.o)
                0x080029ac                __sf_fake_stdin
 .rodata.__sf_fake_stdout
                0x080029cc       0x20 c:/ac6/systemworkbench/plugins/fr.ac6.mcu.externaltools.arm-none.win32_1.17.0.201812190825/tools/compiler/bin/../lib/gcc/arm-none-eabi/7.3.1/../../../../arm-none-eabi/lib/thumb/v7e-m/fpv4-sp/hard\libc_nano.a(lib_a-findfp.o)
                0x080029cc                __sf_fake_stdout
                0x080029ec                . = ALIGN (0x4)

.ARM.extab
 *(.ARM.extab* .gnu.linkonce.armextab.*)

.ARM            0x080029ec        0x8
                0x080029ec                __exidx_start = .
 *(.ARM.exidx*)
 .ARM.exidx     0x080029ec        0x8 c:/ac6/systemworkbench/plugins/fr.ac6.mcu.externaltools.arm-none.win32_1.17.0.201812190825/tools/compiler/bin/../lib/gcc/arm-none-eabi/7.3.1/thumb/v7e-m/fpv4-sp/hard\libgcc.a(_udivmoddi4.o)
                0x080029f4                __exidx_end = .

.rel.dyn        0x080029f4        0x0
 .rel.iplt      0x080029f4        0x0 c:/ac6/systemworkbench/plugins/fr.ac6.mcu.externaltools.arm-none.win32_1.17.0.201812190825/tools/compiler/bin/../lib/gcc/arm-none-eabi/7.3.1/thumb/v7e-m/fpv4-sp/hard/crtbegin.o

.preinit_array  0x080029f4        0x0
                0x080029f4                PROVIDE (__preinit_array_start = .)
 *(.preinit_array*)
                0x080029f4                PROVIDE (__preinit_array_end = .)

.init_array     0x080029f4        0x4
                0x080029f4                PROVIDE (__init_array_start = .)
 *(SORT_BY_NAME(.init_array.*))
 *(.init_array*)
 .init_array    0x080029f4        0x4 c:/ac6/systemworkbench/plugins/fr.ac6.mcu.externaltools.arm-none.win32_1.17.0.201812190825/tools/compiler/bin/../lib/gcc/arm-none-eabi/7.3.1/thumb/v7e-m/fpv4-sp/hard/crtbegin.o
                0x080029f8                PROVIDE (__init_array_end = .)

.fini_array     0x080029f8        0x4
                [!provide]                PROVIDE (__fini_array_start = .)
 *(SORT_BY_NAME(.fini_array.*))
 *(.fini_array*)
 .fini_array    0x080029f8        0x4 c:/ac6/systemworkbench/plugins/fr.ac6.mcu.externaltools.arm-none.win32_1.17.0.201812190825/tools/compiler/bin/../lib/gcc/arm-none-eabi/7.3.1/thumb/v7e-m/fpv4-sp/hard/crtbegin.o
                [!provide]                PROVIDE (__fini_array_end = .)
                0x080029fc                _sidata = LOADADDR (.data)

.data           0x20000000       0x70 load address 0x080029fc
                0x20000000                . = ALIGN (0x4)
                0x20000000                _sdata = .
 *(.data)
 .data          0x20000000        0x8 Drivers/STM32F4xx_HAL_Driver/Src/stm32f4xx_hal.o
                0x20000000                uwTickFreq
                0x20000004                uwTickPrio
 .data          0x20000008        0x4 Src/system_stm32f4xx.o
                0x20000008                SystemCoreClock
 *(.data*)
 .data._impure_ptr
                0x2000000c        0x4 c:/ac6/systemworkbench/plugins/fr.ac6.mcu.externaltools.arm-none.win32_1.17.0.201812190825/tools/compiler/bin/../lib/gcc/arm-none-eabi/7.3.1/../../../../arm-none-eabi/lib/thumb/v7e-m/fpv4-sp/hard\libc_nano.a(lib_a-impure.o)
                0x2000000c                _impure_ptr
 .data.impure_data
                0x20000010       0x60 c:/ac6/systemworkbench/plugins/fr.ac6.mcu.externaltools.arm-none.win32_1.17.0.201812190825/tools/compiler/bin/../lib/gcc/arm-none-eabi/7.3.1/../../../../arm-none-eabi/lib/thumb/v7e-m/fpv4-sp/hard\libc_nano.a(lib_a-impure.o)
                0x20000070                . = ALIGN (0x4)
                0x20000070                _edata = .
                0x08002a6c                _siccmram = LOADADDR (.ccmram)

.igot.plt       0x20000070        0x0 load address 0x08002a6c
 .igot.plt      0x20000070        0x0 c:/ac6/systemworkbench/plugins/fr.ac6.mcu.externaltools.arm-none.win32_1.17.0.201812190825/tools/compiler/bin/../lib/gcc/arm-none-eabi/7.3.1/thumb/v7e-m/fpv4-sp/hard/crtbegin.o

.ccmram         0x10000000        0x0 load address 0x08002a6c
                0x10000000                . = ALIGN (0x4)
                0x10000000                _sccmram = .
 *(.ccmram)
 *(.ccmram*)
                0x10000000                . = ALIGN (0x4)
                0x10000000                _eccmram = .
                0x10000000                . = ALIGN (0x4)

.bss            0x20000070       0x74
                0x20000070                _sbss = .
                0x20000070                __bss_start__ = _sbss
 *(.bss)
 .bss           0x20000070       0x1c c:/ac6/systemworkbench/plugins/fr.ac6.mcu.externaltools.arm-none.win32_1.17.0.201812190825/tools/compiler/bin/../lib/gcc/arm-none-eabi/7.3.1/thumb/v7e-m/fpv4-sp/hard/crtbegin.o
 .bss           0x2000008c        0x8 Src/syscalls.o
                0x20000090                __env
 *(.bss*)
 .bss.__malloc_free_list
                0x20000094        0x4 c:/ac6/systemworkbench/plugins/fr.ac6.mcu.externaltools.arm-none.win32_1.17.0.201812190825/tools/compiler/bin/../lib/gcc/arm-none-eabi/7.3.1/../../../../arm-none-eabi/lib/thumb/v7e-m/fpv4-sp/hard\libc_nano.a(lib_a-nano-mallocr.o)
                0x20000094                __malloc_free_list
 .bss.__malloc_sbrk_start
                0x20000098        0x4 c:/ac6/systemworkbench/plugins/fr.ac6.mcu.externaltools.arm-none.win32_1.17.0.201812190825/tools/compiler/bin/../lib/gcc/arm-none-eabi/7.3.1/../../../../arm-none-eabi/lib/thumb/v7e-m/fpv4-sp/hard\libc_nano.a(lib_a-nano-mallocr.o)
                0x20000098                __malloc_sbrk_start
 *(COMMON)
 COMMON         0x2000009c        0x4 Drivers/STM32F4xx_HAL_Driver/Src/stm32f4xx_hal.o
                0x2000009c                uwTick
 COMMON         0x200000a0       0x40 Src/usart.o
                0x200000a0                huart6
 COMMON         0x200000e0        0x4 c:/ac6/systemworkbench/plugins/fr.ac6.mcu.externaltools.arm-none.win32_1.17.0.201812190825/tools/compiler/bin/../lib/gcc/arm-none-eabi/7.3.1/../../../../arm-none-eabi/lib/thumb/v7e-m/fpv4-sp/hard\libc_nano.a(lib_a-reent.o)
                0x200000e0                errno
                0x200000e4                . = ALIGN (0x4)
                0x200000e4                _ebss = .
                0x200000e4                __bss_end__ = _ebss

._user_heap_stack
                0x200000e4      0x604
                0x200000e8                . = ALIGN (0x8)
 *fill*         0x200000e4        0x4 
                0x200000e8                PROVIDE (end = .)
                [!provide]                PROVIDE (_end = .)
                0x200002e8                . = (. + _Min_Heap_Size)
 *fill*         0x200000e8      0x200 
                0x200006e8                . = (. + _Min_Stack_Size)
 *fill*         0x200002e8      0x400 
                0x200006e8                . = ALIGN (0x8)

/DISCARD/
 libc.a(*)
 libm.a(*)
 libgcc.a(*)

.ARM.attributes
                0x00000000       0x30
 *(.ARM.attributes)
 .ARM.attributes
                0x00000000       0x22 c:/ac6/systemworkbench/plugins/fr.ac6.mcu.externaltools.arm-none.win32_1.17.0.201812190825/tools/compiler/bin/../lib/gcc/arm-none-eabi/7.3.1/thumb/v7e-m/fpv4-sp/hard/crti.o
 .ARM.attributes
                0x00000022       0x34 c:/ac6/systemworkbench/plugins/fr.ac6.mcu.externaltools.arm-none.win32_1.17.0.201812190825/tools/compiler/bin/../lib/gcc/arm-none-eabi/7.3.1/thumb/v7e-m/fpv4-sp/hard/crtbegin.o
 .ARM.attributes
                0x00000056       0x39 Drivers/STM32F4xx_HAL_Driver/Src/stm32f4xx_hal.o
 .ARM.attributes
                0x0000008f       0x39 Drivers/STM32F4xx_HAL_Driver/Src/stm32f4xx_hal_cortex.o
 .ARM.attributes
                0x000000c8       0x39 Drivers/STM32F4xx_HAL_Driver/Src/stm32f4xx_hal_gpio.o
 .ARM.attributes
                0x00000101       0x39 Drivers/STM32F4xx_HAL_Driver/Src/stm32f4xx_hal_rcc.o
 .ARM.attributes
                0x0000013a       0x39 Drivers/STM32F4xx_HAL_Driver/Src/stm32f4xx_hal_uart.o
 .ARM.attributes
                0x00000173       0x39 Drivers/STM32F4xx_HAL_Driver/Src/stm32f4xx_ll_adc.o
 .ARM.attributes
                0x000001ac       0x39 Drivers/STM32F4xx_HAL_Driver/Src/stm32f4xx_ll_gpio.o
 .ARM.attributes
                0x000001e5       0x39 Drivers/STM32F4xx_HAL_Driver/Src/stm32f4xx_ll_spi.o
 .ARM.attributes
                0x0000021e       0x39 Drivers/STM32F4xx_HAL_Driver/Src/stm32f4xx_ll_tim.o
 .ARM.attributes
                0x00000257       0x39 Drivers/STM32F4xx_HAL_Driver/Src/stm32f4xx_ll_utils.o
 .ARM.attributes
                0x00000290       0x39 Src/adc.o
 .ARM.attributes
                0x000002c9       0x39 Src/dma.o
 .ARM.attributes
                0x00000302       0x39 Src/gpio.o
 .ARM.attributes
                0x0000033b       0x39 Src/main.o
 .ARM.attributes
                0x00000374       0x39 Src/spi.o
 .ARM.attributes
                0x000003ad       0x39 Src/stm32f4xx_hal_msp.o
 .ARM.attributes
                0x000003e6       0x39 Src/stm32f4xx_it.o
 .ARM.attributes
                0x0000041f       0x39 Src/syscalls.o
 .ARM.attributes
                0x00000458       0x39 Src/system_stm32f4xx.o
 .ARM.attributes
                0x00000491       0x39 Src/tim.o
 .ARM.attributes
                0x000004ca       0x39 Src/usart.o
 .ARM.attributes
                0x00000503       0x21 startup/startup_stm32f405xx.o
 .ARM.attributes
                0x00000524       0x22 c:/ac6/systemworkbench/plugins/fr.ac6.mcu.externaltools.arm-none.win32_1.17.0.201812190825/tools/compiler/bin/../lib/gcc/arm-none-eabi/7.3.1/thumb/v7e-m/fpv4-sp/hard\libgcc.a(_aeabi_uldivmod.o)
 .ARM.attributes
                0x00000546       0x34 c:/ac6/systemworkbench/plugins/fr.ac6.mcu.externaltools.arm-none.win32_1.17.0.201812190825/tools/compiler/bin/../lib/gcc/arm-none-eabi/7.3.1/thumb/v7e-m/fpv4-sp/hard\libgcc.a(_udivmoddi4.o)
 .ARM.attributes
                0x0000057a       0x22 c:/ac6/systemworkbench/plugins/fr.ac6.mcu.externaltools.arm-none.win32_1.17.0.201812190825/tools/compiler/bin/../lib/gcc/arm-none-eabi/7.3.1/thumb/v7e-m/fpv4-sp/hard\libgcc.a(_dvmd_tls.o)
 .ARM.attributes
                0x0000059c       0x34 c:/ac6/systemworkbench/plugins/fr.ac6.mcu.externaltools.arm-none.win32_1.17.0.201812190825/tools/compiler/bin/../lib/gcc/arm-none-eabi/7.3.1/../../../../arm-none-eabi/lib/thumb/v7e-m/fpv4-sp/hard\libc_nano.a(lib_a-errno.o)
 .ARM.attributes
                0x000005d0       0x34 c:/ac6/systemworkbench/plugins/fr.ac6.mcu.externaltools.arm-none.win32_1.17.0.201812190825/tools/compiler/bin/../lib/gcc/arm-none-eabi/7.3.1/../../../../arm-none-eabi/lib/thumb/v7e-m/fpv4-sp/hard\libc_nano.a(lib_a-impure.o)
 .ARM.attributes
                0x00000604       0x34 c:/ac6/systemworkbench/plugins/fr.ac6.mcu.externaltools.arm-none.win32_1.17.0.201812190825/tools/compiler/bin/../lib/gcc/arm-none-eabi/7.3.1/../../../../arm-none-eabi/lib/thumb/v7e-m/fpv4-sp/hard\libc_nano.a(lib_a-init.o)
 .ARM.attributes
                0x00000638       0x34 c:/ac6/systemworkbench/plugins/fr.ac6.mcu.externaltools.arm-none.win32_1.17.0.201812190825/tools/compiler/bin/../lib/gcc/arm-none-eabi/7.3.1/../../../../arm-none-eabi/lib/thumb/v7e-m/fpv4-sp/hard\libc_nano.a(lib_a-memset.o)
 .ARM.attributes
                0x0000066c       0x34 c:/ac6/systemworkbench/plugins/fr.ac6.mcu.externaltools.arm-none.win32_1.17.0.201812190825/tools/compiler/bin/../lib/gcc/arm-none-eabi/7.3.1/../../../../arm-none-eabi/lib/thumb/v7e-m/fpv4-sp/hard\libc_nano.a(lib_a-setbuf.o)
 .ARM.attributes
                0x000006a0       0x34 c:/ac6/systemworkbench/plugins/fr.ac6.mcu.externaltools.arm-none.win32_1.17.0.201812190825/tools/compiler/bin/../lib/gcc/arm-none-eabi/7.3.1/../../../../arm-none-eabi/lib/thumb/v7e-m/fpv4-sp/hard\libc_nano.a(lib_a-setvbuf.o)
 .ARM.attributes
                0x000006d4       0x34 c:/ac6/systemworkbench/plugins/fr.ac6.mcu.externaltools.arm-none.win32_1.17.0.201812190825/tools/compiler/bin/../lib/gcc/arm-none-eabi/7.3.1/../../../../arm-none-eabi/lib/thumb/v7e-m/fpv4-sp/hard\libc_nano.a(lib_a-fflush.o)
 .ARM.attributes
                0x00000708       0x34 c:/ac6/systemworkbench/plugins/fr.ac6.mcu.externaltools.arm-none.win32_1.17.0.201812190825/tools/compiler/bin/../lib/gcc/arm-none-eabi/7.3.1/../../../../arm-none-eabi/lib/thumb/v7e-m/fpv4-sp/hard\libc_nano.a(lib_a-findfp.o)
 .ARM.attributes
                0x0000073c       0x34 c:/ac6/systemworkbench/plugins/fr.ac6.mcu.externaltools.arm-none.win32_1.17.0.201812190825/tools/compiler/bin/../lib/gcc/arm-none-eabi/7.3.1/../../../../arm-none-eabi/lib/thumb/v7e-m/fpv4-sp/hard\libc_nano.a(lib_a-fwalk.o)
 .ARM.attributes
                0x00000770       0x34 c:/ac6/systemworkbench/plugins/fr.ac6.mcu.externaltools.arm-none.win32_1.17.0.201812190825/tools/compiler/bin/../lib/gcc/arm-none-eabi/7.3.1/../../../../arm-none-eabi/lib/thumb/v7e-m/fpv4-sp/hard\libc_nano.a(lib_a-makebuf.o)
 .ARM.attributes
                0x000007a4       0x34 c:/ac6/systemworkbench/plugins/fr.ac6.mcu.externaltools.arm-none.win32_1.17.0.201812190825/tools/compiler/bin/../lib/gcc/arm-none-eabi/7.3.1/../../../../arm-none-eabi/lib/thumb/v7e-m/fpv4-sp/hard\libc_nano.a(lib_a-malloc.o)
 .ARM.attributes
                0x000007d8       0x34 c:/ac6/systemworkbench/plugins/fr.ac6.mcu.externaltools.arm-none.win32_1.17.0.201812190825/tools/compiler/bin/../lib/gcc/arm-none-eabi/7.3.1/../../../../arm-none-eabi/lib/thumb/v7e-m/fpv4-sp/hard\libc_nano.a(lib_a-nano-freer.o)
 .ARM.attributes
                0x0000080c       0x34 c:/ac6/systemworkbench/plugins/fr.ac6.mcu.externaltools.arm-none.win32_1.17.0.201812190825/tools/compiler/bin/../lib/gcc/arm-none-eabi/7.3.1/../../../../arm-none-eabi/lib/thumb/v7e-m/fpv4-sp/hard\libc_nano.a(lib_a-nano-mallocr.o)
 .ARM.attributes
                0x00000840       0x34 c:/ac6/systemworkbench/plugins/fr.ac6.mcu.externaltools.arm-none.win32_1.17.0.201812190825/tools/compiler/bin/../lib/gcc/arm-none-eabi/7.3.1/../../../../arm-none-eabi/lib/thumb/v7e-m/fpv4-sp/hard\libc_nano.a(lib_a-sbrkr.o)
 .ARM.attributes
                0x00000874       0x34 c:/ac6/systemworkbench/plugins/fr.ac6.mcu.externaltools.arm-none.win32_1.17.0.201812190825/tools/compiler/bin/../lib/gcc/arm-none-eabi/7.3.1/../../../../arm-none-eabi/lib/thumb/v7e-m/fpv4-sp/hard\libc_nano.a(lib_a-stdio.o)
 .ARM.attributes
                0x000008a8       0x34 c:/ac6/systemworkbench/plugins/fr.ac6.mcu.externaltools.arm-none.win32_1.17.0.201812190825/tools/compiler/bin/../lib/gcc/arm-none-eabi/7.3.1/../../../../arm-none-eabi/lib/thumb/v7e-m/fpv4-sp/hard\libc_nano.a(lib_a-writer.o)
 .ARM.attributes
                0x000008dc       0x34 c:/ac6/systemworkbench/plugins/fr.ac6.mcu.externaltools.arm-none.win32_1.17.0.201812190825/tools/compiler/bin/../lib/gcc/arm-none-eabi/7.3.1/../../../../arm-none-eabi/lib/thumb/v7e-m/fpv4-sp/hard\libc_nano.a(lib_a-closer.o)
 .ARM.attributes
                0x00000910       0x34 c:/ac6/systemworkbench/plugins/fr.ac6.mcu.externaltools.arm-none.win32_1.17.0.201812190825/tools/compiler/bin/../lib/gcc/arm-none-eabi/7.3.1/../../../../arm-none-eabi/lib/thumb/v7e-m/fpv4-sp/hard\libc_nano.a(lib_a-fstatr.o)
 .ARM.attributes
                0x00000944       0x34 c:/ac6/systemworkbench/plugins/fr.ac6.mcu.externaltools.arm-none.win32_1.17.0.201812190825/tools/compiler/bin/../lib/gcc/arm-none-eabi/7.3.1/../../../../arm-none-eabi/lib/thumb/v7e-m/fpv4-sp/hard\libc_nano.a(lib_a-lseekr.o)
 .ARM.attributes
                0x00000978       0x34 c:/ac6/systemworkbench/plugins/fr.ac6.mcu.externaltools.arm-none.win32_1.17.0.201812190825/tools/compiler/bin/../lib/gcc/arm-none-eabi/7.3.1/../../../../arm-none-eabi/lib/thumb/v7e-m/fpv4-sp/hard\libc_nano.a(lib_a-mlock.o)
 .ARM.attributes
                0x000009ac       0x34 c:/ac6/systemworkbench/plugins/fr.ac6.mcu.externaltools.arm-none.win32_1.17.0.201812190825/tools/compiler/bin/../lib/gcc/arm-none-eabi/7.3.1/../../../../arm-none-eabi/lib/thumb/v7e-m/fpv4-sp/hard\libc_nano.a(lib_a-readr.o)
 .ARM.attributes
                0x000009e0       0x34 c:/ac6/systemworkbench/plugins/fr.ac6.mcu.externaltools.arm-none.win32_1.17.0.201812190825/tools/compiler/bin/../lib/gcc/arm-none-eabi/7.3.1/../../../../arm-none-eabi/lib/thumb/v7e-m/fpv4-sp/hard\libc_nano.a(lib_a-reent.o)
 .ARM.attributes
                0x00000a14       0x22 c:/ac6/systemworkbench/plugins/fr.ac6.mcu.externaltools.arm-none.win32_1.17.0.201812190825/tools/compiler/bin/../lib/gcc/arm-none-eabi/7.3.1/thumb/v7e-m/fpv4-sp/hard/crtn.o
OUTPUT(battousai.elf elf32-littlearm)

.debug_info     0x00000000    0x10c14
 .debug_info    0x00000000      0x9df Drivers/STM32F4xx_HAL_Driver/Src/stm32f4xx_hal.o
 .debug_info    0x000009df      0xf7a Drivers/STM32F4xx_HAL_Driver/Src/stm32f4xx_hal_cortex.o
 .debug_info    0x00001959      0x7c2 Drivers/STM32F4xx_HAL_Driver/Src/stm32f4xx_hal_gpio.o
 .debug_info    0x0000211b      0xa94 Drivers/STM32F4xx_HAL_Driver/Src/stm32f4xx_hal_rcc.o
 .debug_info    0x00002baf     0x171d Drivers/STM32F4xx_HAL_Driver/Src/stm32f4xx_hal_uart.o
 .debug_info    0x000042cc      0xa94 Drivers/STM32F4xx_HAL_Driver/Src/stm32f4xx_ll_adc.o
 .debug_info    0x00004d60      0xbf7 Drivers/STM32F4xx_HAL_Driver/Src/stm32f4xx_ll_gpio.o
 .debug_info    0x00005957      0x927 Drivers/STM32F4xx_HAL_Driver/Src/stm32f4xx_ll_spi.o
 .debug_info    0x0000627e     0x1411 Drivers/STM32F4xx_HAL_Driver/Src/stm32f4xx_ll_tim.o
 .debug_info    0x0000768f      0xb52 Drivers/STM32F4xx_HAL_Driver/Src/stm32f4xx_ll_utils.o
 .debug_info    0x000081e1     0x1a0c Src/adc.o
 .debug_info    0x00009bed      0x9e4 Src/dma.o
 .debug_info    0x0000a5d1      0x79c Src/gpio.o
 .debug_info    0x0000ad6d     0x17f2 Src/main.o
 .debug_info    0x0000c55f      0x99e Src/spi.o
 .debug_info    0x0000cefd      0x3ea Src/stm32f4xx_hal_msp.o
 .debug_info    0x0000d2e7      0x46b Src/stm32f4xx_it.o
 .debug_info    0x0000d752      0xfd3 Src/syscalls.o
 .debug_info    0x0000e725      0x559 Src/system_stm32f4xx.o
 .debug_info    0x0000ec7e     0x1518 Src/tim.o
 .debug_info    0x00010196      0xa5c Src/usart.o
 .debug_info    0x00010bf2       0x22 startup/startup_stm32f405xx.o

.debug_abbrev   0x00000000     0x2c82
 .debug_abbrev  0x00000000      0x1ed Drivers/STM32F4xx_HAL_Driver/Src/stm32f4xx_hal.o
 .debug_abbrev  0x000001ed      0x328 Drivers/STM32F4xx_HAL_Driver/Src/stm32f4xx_hal_cortex.o
 .debug_abbrev  0x00000515      0x1e7 Drivers/STM32F4xx_HAL_Driver/Src/stm32f4xx_hal_gpio.o
 .debug_abbrev  0x000006fc      0x273 Drivers/STM32F4xx_HAL_Driver/Src/stm32f4xx_hal_rcc.o
 .debug_abbrev  0x0000096f      0x288 Drivers/STM32F4xx_HAL_Driver/Src/stm32f4xx_hal_uart.o
 .debug_abbrev  0x00000bf7      0x1dd Drivers/STM32F4xx_HAL_Driver/Src/stm32f4xx_ll_adc.o
 .debug_abbrev  0x00000dd4      0x21f Drivers/STM32F4xx_HAL_Driver/Src/stm32f4xx_ll_gpio.o
 .debug_abbrev  0x00000ff3      0x25f Drivers/STM32F4xx_HAL_Driver/Src/stm32f4xx_ll_spi.o
 .debug_abbrev  0x00001252      0x24d Drivers/STM32F4xx_HAL_Driver/Src/stm32f4xx_ll_tim.o
 .debug_abbrev  0x0000149f      0x233 Drivers/STM32F4xx_HAL_Driver/Src/stm32f4xx_ll_utils.o
 .debug_abbrev  0x000016d2      0x209 Src/adc.o
 .debug_abbrev  0x000018db      0x1d4 Src/dma.o
 .debug_abbrev  0x00001aaf      0x1c6 Src/gpio.o
 .debug_abbrev  0x00001c75      0x343 Src/main.o
 .debug_abbrev  0x00001fb8      0x1d9 Src/spi.o
 .debug_abbrev  0x00002191      0x118 Src/stm32f4xx_hal_msp.o
 .debug_abbrev  0x000022a9      0x18e Src/stm32f4xx_it.o
 .debug_abbrev  0x00002437      0x2d4 Src/syscalls.o
 .debug_abbrev  0x0000270b      0x12b Src/system_stm32f4xx.o
 .debug_abbrev  0x00002836      0x262 Src/tim.o
 .debug_abbrev  0x00002a98      0x1d8 Src/usart.o
 .debug_abbrev  0x00002c70       0x12 startup/startup_stm32f405xx.o

.debug_loc      0x00000000     0x62b3
 .debug_loc     0x00000000      0x11b Drivers/STM32F4xx_HAL_Driver/Src/stm32f4xx_hal.o
 .debug_loc     0x0000011b      0x5ce Drivers/STM32F4xx_HAL_Driver/Src/stm32f4xx_hal_cortex.o
 .debug_loc     0x000006e9      0x476 Drivers/STM32F4xx_HAL_Driver/Src/stm32f4xx_hal_gpio.o
 .debug_loc     0x00000b5f      0x40f Drivers/STM32F4xx_HAL_Driver/Src/stm32f4xx_hal_rcc.o
 .debug_loc     0x00000f6e     0x1599 Drivers/STM32F4xx_HAL_Driver/Src/stm32f4xx_hal_uart.o
 .debug_loc     0x00002507      0x3df Drivers/STM32F4xx_HAL_Driver/Src/stm32f4xx_ll_adc.o
 .debug_loc     0x000028e6      0x56f Drivers/STM32F4xx_HAL_Driver/Src/stm32f4xx_ll_gpio.o
 .debug_loc     0x00002e55      0x50d Drivers/STM32F4xx_HAL_Driver/Src/stm32f4xx_ll_spi.o
 .debug_loc     0x00003362     0x1040 Drivers/STM32F4xx_HAL_Driver/Src/stm32f4xx_ll_tim.o
 .debug_loc     0x000043a2      0x59f Drivers/STM32F4xx_HAL_Driver/Src/stm32f4xx_ll_utils.o
 .debug_loc     0x00004941      0xcaa Src/adc.o
 .debug_loc     0x000055eb       0x40 Src/dma.o
 .debug_loc     0x0000562b      0x15d Src/gpio.o
 .debug_loc     0x00005788      0x134 Src/main.o
 .debug_loc     0x000058bc      0x102 Src/spi.o
 .debug_loc     0x000059be       0x30 Src/stm32f4xx_it.o
 .debug_loc     0x000059ee      0x3af Src/syscalls.o
 .debug_loc     0x00005d9d      0x13e Src/system_stm32f4xx.o
 .debug_loc     0x00005edb      0x364 Src/tim.o
 .debug_loc     0x0000623f       0x74 Src/usart.o

.debug_aranges  0x00000000      0x930
 .debug_aranges
                0x00000000       0xf0 Drivers/STM32F4xx_HAL_Driver/Src/stm32f4xx_hal.o
 .debug_aranges
                0x000000f0       0xa8 Drivers/STM32F4xx_HAL_Driver/Src/stm32f4xx_hal_cortex.o
 .debug_aranges
                0x00000198       0x58 Drivers/STM32F4xx_HAL_Driver/Src/stm32f4xx_hal_gpio.o
 .debug_aranges
                0x000001f0       0x88 Drivers/STM32F4xx_HAL_Driver/Src/stm32f4xx_hal_rcc.o
 .debug_aranges
                0x00000278      0x1d0 Drivers/STM32F4xx_HAL_Driver/Src/stm32f4xx_hal_uart.o
 .debug_aranges
                0x00000448       0x68 Drivers/STM32F4xx_HAL_Driver/Src/stm32f4xx_ll_adc.o
 .debug_aranges
                0x000004b0       0x30 Drivers/STM32F4xx_HAL_Driver/Src/stm32f4xx_ll_gpio.o
 .debug_aranges
                0x000004e0       0x58 Drivers/STM32F4xx_HAL_Driver/Src/stm32f4xx_ll_spi.o
 .debug_aranges
                0x00000538       0xc0 Drivers/STM32F4xx_HAL_Driver/Src/stm32f4xx_ll_tim.o
 .debug_aranges
                0x000005f8       0x60 Drivers/STM32F4xx_HAL_Driver/Src/stm32f4xx_ll_utils.o
 .debug_aranges
                0x00000658       0x28 Src/adc.o
 .debug_aranges
                0x00000680       0x20 Src/dma.o
 .debug_aranges
                0x000006a0       0x20 Src/gpio.o
 .debug_aranges
                0x000006c0       0x48 Src/main.o
 .debug_aranges
                0x00000708       0x30 Src/spi.o
 .debug_aranges
                0x00000738       0x20 Src/stm32f4xx_hal_msp.o
 .debug_aranges
                0x00000758       0x70 Src/stm32f4xx_it.o
 .debug_aranges
                0x000007c8       0xb0 Src/syscalls.o
 .debug_aranges
                0x00000878       0x28 Src/system_stm32f4xx.o
 .debug_aranges
                0x000008a0       0x38 Src/tim.o
 .debug_aranges
                0x000008d8       0x30 Src/usart.o
 .debug_aranges
                0x00000908       0x28 startup/startup_stm32f405xx.o

.debug_ranges   0x00000000      0x850
 .debug_ranges  0x00000000       0xe0 Drivers/STM32F4xx_HAL_Driver/Src/stm32f4xx_hal.o
 .debug_ranges  0x000000e0       0xf8 Drivers/STM32F4xx_HAL_Driver/Src/stm32f4xx_hal_cortex.o
 .debug_ranges  0x000001d8       0x48 Drivers/STM32F4xx_HAL_Driver/Src/stm32f4xx_hal_gpio.o
 .debug_ranges  0x00000220       0x90 Drivers/STM32F4xx_HAL_Driver/Src/stm32f4xx_hal_rcc.o
 .debug_ranges  0x000002b0      0x1c0 Drivers/STM32F4xx_HAL_Driver/Src/stm32f4xx_hal_uart.o
 .debug_ranges  0x00000470       0x58 Drivers/STM32F4xx_HAL_Driver/Src/stm32f4xx_ll_adc.o
 .debug_ranges  0x000004c8       0x20 Drivers/STM32F4xx_HAL_Driver/Src/stm32f4xx_ll_gpio.o
 .debug_ranges  0x000004e8       0x48 Drivers/STM32F4xx_HAL_Driver/Src/stm32f4xx_ll_spi.o
 .debug_ranges  0x00000530       0xb0 Drivers/STM32F4xx_HAL_Driver/Src/stm32f4xx_ll_tim.o
 .debug_ranges  0x000005e0       0x50 Drivers/STM32F4xx_HAL_Driver/Src/stm32f4xx_ll_utils.o
 .debug_ranges  0x00000630       0x18 Src/adc.o
 .debug_ranges  0x00000648       0x10 Src/dma.o
 .debug_ranges  0x00000658       0x10 Src/gpio.o
 .debug_ranges  0x00000668       0x38 Src/main.o
 .debug_ranges  0x000006a0       0x20 Src/spi.o
 .debug_ranges  0x000006c0       0x10 Src/stm32f4xx_hal_msp.o
 .debug_ranges  0x000006d0       0x60 Src/stm32f4xx_it.o
 .debug_ranges  0x00000730       0xa0 Src/syscalls.o
 .debug_ranges  0x000007d0       0x18 Src/system_stm32f4xx.o
 .debug_ranges  0x000007e8       0x28 Src/tim.o
 .debug_ranges  0x00000810       0x20 Src/usart.o
 .debug_ranges  0x00000830       0x20 startup/startup_stm32f405xx.o

.debug_macro    0x00000000    0x2187e
 .debug_macro   0x00000000      0x21a Drivers/STM32F4xx_HAL_Driver/Src/stm32f4xx_hal.o
 .debug_macro   0x0000021a      0xa5a Drivers/STM32F4xx_HAL_Driver/Src/stm32f4xx_hal.o
 .debug_macro   0x00000c74      0x184 Drivers/STM32F4xx_HAL_Driver/Src/stm32f4xx_hal.o
 .debug_macro   0x00000df8       0x32 Drivers/STM32F4xx_HAL_Driver/Src/stm32f4xx_hal.o
 .debug_macro   0x00000e2a       0x2f Drivers/STM32F4xx_HAL_Driver/Src/stm32f4xx_hal.o
 .debug_macro   0x00000e59       0x22 Drivers/STM32F4xx_HAL_Driver/Src/stm32f4xx_hal.o
 .debug_macro   0x00000e7b       0x8e Drivers/STM32F4xx_HAL_Driver/Src/stm32f4xx_hal.o
 .debug_macro   0x00000f09       0x51 Drivers/STM32F4xx_HAL_Driver/Src/stm32f4xx_hal.o
 .debug_macro   0x00000f5a       0xef Drivers/STM32F4xx_HAL_Driver/Src/stm32f4xx_hal.o
 .debug_macro   0x00001049       0x6a Drivers/STM32F4xx_HAL_Driver/Src/stm32f4xx_hal.o
 .debug_macro   0x000010b3      0x1df Drivers/STM32F4xx_HAL_Driver/Src/stm32f4xx_hal.o
 .debug_macro   0x00001292       0x1c Drivers/STM32F4xx_HAL_Driver/Src/stm32f4xx_hal.o
 .debug_macro   0x000012ae       0x22 Drivers/STM32F4xx_HAL_Driver/Src/stm32f4xx_hal.o
 .debug_macro   0x000012d0       0xdf Drivers/STM32F4xx_HAL_Driver/Src/stm32f4xx_hal.o
 .debug_macro   0x000013af     0x102d Drivers/STM32F4xx_HAL_Driver/Src/stm32f4xx_hal.o
 .debug_macro   0x000023dc      0x11f Drivers/STM32F4xx_HAL_Driver/Src/stm32f4xx_hal.o
 .debug_macro   0x000024fb    0x14251 Drivers/STM32F4xx_HAL_Driver/Src/stm32f4xx_hal.o
 .debug_macro   0x0001674c       0x43 Drivers/STM32F4xx_HAL_Driver/Src/stm32f4xx_hal.o
 .debug_macro   0x0001678f     0x3652 Drivers/STM32F4xx_HAL_Driver/Src/stm32f4xx_hal.o
 .debug_macro   0x00019de1      0x174 Drivers/STM32F4xx_HAL_Driver/Src/stm32f4xx_hal.o
 .debug_macro   0x00019f55       0x5a Drivers/STM32F4xx_HAL_Driver/Src/stm32f4xx_hal.o
 .debug_macro   0x00019faf      0x8a7 Drivers/STM32F4xx_HAL_Driver/Src/stm32f4xx_hal.o
 .debug_macro   0x0001a856      0x9fe Drivers/STM32F4xx_HAL_Driver/Src/stm32f4xx_hal.o
 .debug_macro   0x0001b254      0x174 Drivers/STM32F4xx_HAL_Driver/Src/stm32f4xx_hal.o
 .debug_macro   0x0001b3c8      0x117 Drivers/STM32F4xx_HAL_Driver/Src/stm32f4xx_hal.o
 .debug_macro   0x0001b4df      0x130 Drivers/STM32F4xx_HAL_Driver/Src/stm32f4xx_hal.o
 .debug_macro   0x0001b60f       0x27 Drivers/STM32F4xx_HAL_Driver/Src/stm32f4xx_hal.o
 .debug_macro   0x0001b636      0x287 Drivers/STM32F4xx_HAL_Driver/Src/stm32f4xx_hal.o
 .debug_macro   0x0001b8bd       0x5f Drivers/STM32F4xx_HAL_Driver/Src/stm32f4xx_hal.o
 .debug_macro   0x0001b91c      0x236 Drivers/STM32F4xx_HAL_Driver/Src/stm32f4xx_hal.o
 .debug_macro   0x0001bb52      0x12c Drivers/STM32F4xx_HAL_Driver/Src/stm32f4xx_hal.o
 .debug_macro   0x0001bc7e      0x21e Drivers/STM32F4xx_HAL_Driver/Src/stm32f4xx_hal.o
 .debug_macro   0x0001be9c       0x2e Drivers/STM32F4xx_HAL_Driver/Src/stm32f4xx_hal.o
 .debug_macro   0x0001beca      0x11a Drivers/STM32F4xx_HAL_Driver/Src/stm32f4xx_hal.o
 .debug_macro   0x0001bfe4       0x7e Drivers/STM32F4xx_HAL_Driver/Src/stm32f4xx_hal.o
 .debug_macro   0x0001c062       0x89 Drivers/STM32F4xx_HAL_Driver/Src/stm32f4xx_hal.o
 .debug_macro   0x0001c0eb      0x287 Drivers/STM32F4xx_HAL_Driver/Src/stm32f4xx_hal.o
 .debug_macro   0x0001c372      0x12d Drivers/STM32F4xx_HAL_Driver/Src/stm32f4xx_hal.o
 .debug_macro   0x0001c49f      0x1ba Drivers/STM32F4xx_HAL_Driver/Src/stm32f4xx_hal_cortex.o
 .debug_macro   0x0001c659      0x1f0 Drivers/STM32F4xx_HAL_Driver/Src/stm32f4xx_hal_gpio.o
 .debug_macro   0x0001c849      0x1de Drivers/STM32F4xx_HAL_Driver/Src/stm32f4xx_hal_rcc.o
 .debug_macro   0x0001ca27      0x1bb Drivers/STM32F4xx_HAL_Driver/Src/stm32f4xx_hal_uart.o
 .debug_macro   0x0001cbe2      0x25a Drivers/STM32F4xx_HAL_Driver/Src/stm32f4xx_ll_adc.o
 .debug_macro   0x0001ce3c      0xb4e Drivers/STM32F4xx_HAL_Driver/Src/stm32f4xx_ll_adc.o
 .debug_macro   0x0001d98a      0x1b6 Drivers/STM32F4xx_HAL_Driver/Src/stm32f4xx_ll_adc.o
 .debug_macro   0x0001db40      0x1fc Drivers/STM32F4xx_HAL_Driver/Src/stm32f4xx_ll_gpio.o
 .debug_macro   0x0001dd3c      0x143 Drivers/STM32F4xx_HAL_Driver/Src/stm32f4xx_ll_gpio.o
 .debug_macro   0x0001de7f      0x269 Drivers/STM32F4xx_HAL_Driver/Src/stm32f4xx_ll_spi.o
 .debug_macro   0x0001e0e8      0x236 Drivers/STM32F4xx_HAL_Driver/Src/stm32f4xx_ll_spi.o
 .debug_macro   0x0001e31e      0x781 Drivers/STM32F4xx_HAL_Driver/Src/stm32f4xx_ll_spi.o
 .debug_macro   0x0001ea9f      0x245 Drivers/STM32F4xx_HAL_Driver/Src/stm32f4xx_ll_tim.o
 .debug_macro   0x0001ece4      0x5ed Drivers/STM32F4xx_HAL_Driver/Src/stm32f4xx_ll_tim.o
 .debug_macro   0x0001f2d1      0x29b Drivers/STM32F4xx_HAL_Driver/Src/stm32f4xx_ll_utils.o
 .debug_macro   0x0001f56c       0x5b Drivers/STM32F4xx_HAL_Driver/Src/stm32f4xx_ll_utils.o
 .debug_macro   0x0001f5c7      0x20a Drivers/STM32F4xx_HAL_Driver/Src/stm32f4xx_ll_utils.o
 .debug_macro   0x0001f7d1       0xab Drivers/STM32F4xx_HAL_Driver/Src/stm32f4xx_ll_utils.o
 .debug_macro   0x0001f87c      0x23f Src/adc.o
 .debug_macro   0x0001fabb      0x23f Src/dma.o
 .debug_macro   0x0001fcfa      0x23f Src/gpio.o
 .debug_macro   0x0001ff39      0x3e6 Src/main.o
 .debug_macro   0x0002031f      0x23f Src/spi.o
 .debug_macro   0x0002055e      0x235 Src/stm32f4xx_hal_msp.o
 .debug_macro   0x00020793      0x23f Src/stm32f4xx_it.o
 .debug_macro   0x000209d2      0x243 Src/syscalls.o
 .debug_macro   0x00020c15       0x10 Src/syscalls.o
 .debug_macro   0x00020c25       0x10 Src/syscalls.o
 .debug_macro   0x00020c35       0x10 Src/syscalls.o
 .debug_macro   0x00020c45       0x35 Src/syscalls.o
 .debug_macro   0x00020c7a      0x122 Src/syscalls.o
 .debug_macro   0x00020d9c       0x10 Src/syscalls.o
 .debug_macro   0x00020dac      0x241 Src/syscalls.o
 .debug_macro   0x00020fed       0x1c Src/syscalls.o
 .debug_macro   0x00021009       0x10 Src/syscalls.o
 .debug_macro   0x00021019      0x189 Src/syscalls.o
 .debug_macro   0x000211a2       0x16 Src/syscalls.o
 .debug_macro   0x000211b8       0x88 Src/syscalls.o
 .debug_macro   0x00021240      0x1c0 Src/system_stm32f4xx.o
 .debug_macro   0x00021400      0x23f Src/tim.o
 .debug_macro   0x0002163f      0x23f Src/usart.o

.debug_line     0x00000000     0xc377
 .debug_line    0x00000000      0x912 Drivers/STM32F4xx_HAL_Driver/Src/stm32f4xx_hal.o
 .debug_line    0x00000912      0x964 Drivers/STM32F4xx_HAL_Driver/Src/stm32f4xx_hal_cortex.o
 .debug_line    0x00001276      0x89a Drivers/STM32F4xx_HAL_Driver/Src/stm32f4xx_hal_gpio.o
 .debug_line    0x00001b10      0x9a3 Drivers/STM32F4xx_HAL_Driver/Src/stm32f4xx_hal_rcc.o
 .debug_line    0x000024b3     0x1061 Drivers/STM32F4xx_HAL_Driver/Src/stm32f4xx_hal_uart.o
 .debug_line    0x00003514      0x8d5 Drivers/STM32F4xx_HAL_Driver/Src/stm32f4xx_ll_adc.o
 .debug_line    0x00003de9      0x901 Drivers/STM32F4xx_HAL_Driver/Src/stm32f4xx_ll_gpio.o
 .debug_line    0x000046ea      0x8a5 Drivers/STM32F4xx_HAL_Driver/Src/stm32f4xx_ll_spi.o
 .debug_line    0x00004f8f      0xb4d Drivers/STM32F4xx_HAL_Driver/Src/stm32f4xx_ll_tim.o
 .debug_line    0x00005adc      0x991 Drivers/STM32F4xx_HAL_Driver/Src/stm32f4xx_ll_utils.o
 .debug_line    0x0000646d      0xa9f Src/adc.o
 .debug_line    0x00006f0c      0x834 Src/dma.o
 .debug_line    0x00007740      0x85e Src/gpio.o
 .debug_line    0x00007f9e      0xab0 Src/main.o
 .debug_line    0x00008a4e      0x8d9 Src/spi.o
 .debug_line    0x00009327      0x821 Src/stm32f4xx_hal_msp.o
 .debug_line    0x00009b48      0x8e1 Src/stm32f4xx_it.o
 .debug_line    0x0000a429      0x5d1 Src/syscalls.o
 .debug_line    0x0000a9fa      0x730 Src/system_stm32f4xx.o
 .debug_line    0x0000b12a      0x96e Src/tim.o
 .debug_line    0x0000ba98      0x860 Src/usart.o
 .debug_line    0x0000c2f8       0x7f startup/startup_stm32f405xx.o

.debug_str      0x00000000    0xd396a
 .debug_str     0x00000000    0xb12ea Drivers/STM32F4xx_HAL_Driver/Src/stm32f4xx_hal.o
                              0xb1909 (size before relaxing)
 .debug_str     0x000b12ea      0x3a8 Drivers/STM32F4xx_HAL_Driver/Src/stm32f4xx_hal_cortex.o
                              0xb16b3 (size before relaxing)
 .debug_str     0x000b1692      0x276 Drivers/STM32F4xx_HAL_Driver/Src/stm32f4xx_hal_gpio.o
                              0xb1057 (size before relaxing)
 .debug_str     0x000b1908      0x38f Drivers/STM32F4xx_HAL_Driver/Src/stm32f4xx_hal_rcc.o
                              0xb122c (size before relaxing)
 .debug_str     0x000b1c97      0x932 Drivers/STM32F4xx_HAL_Driver/Src/stm32f4xx_hal_uart.o
                              0xb16db (size before relaxing)
 .debug_str     0x000b25c9     0xaeba Drivers/STM32F4xx_HAL_Driver/Src/stm32f4xx_ll_adc.o
                              0xbbc71 (size before relaxing)
 .debug_str     0x000bd483      0xdeb Drivers/STM32F4xx_HAL_Driver/Src/stm32f4xx_ll_gpio.o
                              0xb272f (size before relaxing)
 .debug_str     0x000be26e     0x5bd7 Drivers/STM32F4xx_HAL_Driver/Src/stm32f4xx_ll_spi.o
                              0xb751d (size before relaxing)
 .debug_str     0x000c3e45     0x447d Drivers/STM32F4xx_HAL_Driver/Src/stm32f4xx_ll_tim.o
                              0xb5e33 (size before relaxing)
 .debug_str     0x000c82c2     0x2c46 Drivers/STM32F4xx_HAL_Driver/Src/stm32f4xx_ll_utils.o
                              0xb7a8b (size before relaxing)
 .debug_str     0x000caf08     0x32ff Src/adc.o
                              0xc6647 (size before relaxing)
 .debug_str     0x000ce207       0x22 Src/dma.o
                              0xc67e7 (size before relaxing)
 .debug_str     0x000ce229       0x44 Src/gpio.o
                              0xc627b (size before relaxing)
 .debug_str     0x000ce26d     0x4228 Src/main.o
                              0xcaacd (size before relaxing)
 .debug_str     0x000d2495       0x4a Src/spi.o
                              0xc6393 (size before relaxing)
 .debug_str     0x000d24df       0x1b Src/stm32f4xx_hal_msp.o
                              0xc61af (size before relaxing)
 .debug_str     0x000d24fa       0xf3 Src/stm32f4xx_it.o
                              0xc61ee (size before relaxing)
 .debug_str     0x000d25ed     0x121c Src/syscalls.o
                               0x85c9 (size before relaxing)
 .debug_str     0x000d3809       0x5a Src/system_stm32f4xx.o
                              0xb0e13 (size before relaxing)
 .debug_str     0x000d3863       0xbe Src/tim.o
                              0xc6b91 (size before relaxing)
 .debug_str     0x000d3921       0x1a Src/usart.o
                              0xc66c4 (size before relaxing)
 .debug_str     0x000d393b       0x2f startup/startup_stm32f405xx.o
                                 0x79 (size before relaxing)

.comment        0x00000000       0x7f
 .comment       0x00000000       0x7f Drivers/STM32F4xx_HAL_Driver/Src/stm32f4xx_hal.o
                                 0x80 (size before relaxing)
 .comment       0x0000007f       0x80 Drivers/STM32F4xx_HAL_Driver/Src/stm32f4xx_hal_cortex.o
 .comment       0x0000007f       0x80 Drivers/STM32F4xx_HAL_Driver/Src/stm32f4xx_hal_gpio.o
 .comment       0x0000007f       0x80 Drivers/STM32F4xx_HAL_Driver/Src/stm32f4xx_hal_rcc.o
 .comment       0x0000007f       0x80 Drivers/STM32F4xx_HAL_Driver/Src/stm32f4xx_hal_uart.o
 .comment       0x0000007f       0x80 Drivers/STM32F4xx_HAL_Driver/Src/stm32f4xx_ll_adc.o
 .comment       0x0000007f       0x80 Drivers/STM32F4xx_HAL_Driver/Src/stm32f4xx_ll_gpio.o
 .comment       0x0000007f       0x80 Drivers/STM32F4xx_HAL_Driver/Src/stm32f4xx_ll_spi.o
 .comment       0x0000007f       0x80 Drivers/STM32F4xx_HAL_Driver/Src/stm32f4xx_ll_tim.o
 .comment       0x0000007f       0x80 Drivers/STM32F4xx_HAL_Driver/Src/stm32f4xx_ll_utils.o
 .comment       0x0000007f       0x80 Src/adc.o
 .comment       0x0000007f       0x80 Src/dma.o
 .comment       0x0000007f       0x80 Src/gpio.o
 .comment       0x0000007f       0x80 Src/main.o
 .comment       0x0000007f       0x80 Src/spi.o
 .comment       0x0000007f       0x80 Src/stm32f4xx_hal_msp.o
 .comment       0x0000007f       0x80 Src/stm32f4xx_it.o
 .comment       0x0000007f       0x80 Src/syscalls.o
 .comment       0x0000007f       0x80 Src/system_stm32f4xx.o
 .comment       0x0000007f       0x80 Src/tim.o
 .comment       0x0000007f       0x80 Src/usart.o

.debug_frame    0x00000000     0x1af8
 .debug_frame   0x00000000      0x1ec Drivers/STM32F4xx_HAL_Driver/Src/stm32f4xx_hal.o
 .debug_frame   0x000001ec      0x15c Drivers/STM32F4xx_HAL_Driver/Src/stm32f4xx_hal_cortex.o
 .debug_frame   0x00000348       0xd8 Drivers/STM32F4xx_HAL_Driver/Src/stm32f4xx_hal_gpio.o
 .debug_frame   0x00000420      0x184 Drivers/STM32F4xx_HAL_Driver/Src/stm32f4xx_hal_rcc.o
 .debug_frame   0x000005a4      0x4f0 Drivers/STM32F4xx_HAL_Driver/Src/stm32f4xx_hal_uart.o
 .debug_frame   0x00000a94       0xe8 Drivers/STM32F4xx_HAL_Driver/Src/stm32f4xx_ll_adc.o
 .debug_frame   0x00000b7c       0x54 Drivers/STM32F4xx_HAL_Driver/Src/stm32f4xx_ll_gpio.o
 .debug_frame   0x00000bd0       0xd0 Drivers/STM32F4xx_HAL_Driver/Src/stm32f4xx_ll_spi.o
 .debug_frame   0x00000ca0      0x1ec Drivers/STM32F4xx_HAL_Driver/Src/stm32f4xx_ll_tim.o
 .debug_frame   0x00000e8c       0xd4 Drivers/STM32F4xx_HAL_Driver/Src/stm32f4xx_ll_utils.o
 .debug_frame   0x00000f60       0x60 Src/adc.o
 .debug_frame   0x00000fc0       0x28 Src/dma.o
 .debug_frame   0x00000fe8       0x38 Src/gpio.o
 .debug_frame   0x00001020       0x98 Src/main.o
 .debug_frame   0x000010b8       0x74 Src/spi.o
 .debug_frame   0x0000112c       0x28 Src/stm32f4xx_hal_msp.o
 .debug_frame   0x00001154       0xc8 Src/stm32f4xx_it.o
 .debug_frame   0x0000121c      0x1a8 Src/syscalls.o
 .debug_frame   0x000013c4       0x30 Src/system_stm32f4xx.o
 .debug_frame   0x000013f4       0xa0 Src/tim.o
 .debug_frame   0x00001494       0x60 Src/usart.o
 .debug_frame   0x000014f4       0x2c c:/ac6/systemworkbench/plugins/fr.ac6.mcu.externaltools.arm-none.win32_1.17.0.201812190825/tools/compiler/bin/../lib/gcc/arm-none-eabi/7.3.1/thumb/v7e-m/fpv4-sp/hard\libgcc.a(_aeabi_uldivmod.o)
 .debug_frame   0x00001520       0x34 c:/ac6/systemworkbench/plugins/fr.ac6.mcu.externaltools.arm-none.win32_1.17.0.201812190825/tools/compiler/bin/../lib/gcc/arm-none-eabi/7.3.1/thumb/v7e-m/fpv4-sp/hard\libgcc.a(_udivmoddi4.o)
 .debug_frame   0x00001554       0x20 c:/ac6/systemworkbench/plugins/fr.ac6.mcu.externaltools.arm-none.win32_1.17.0.201812190825/tools/compiler/bin/../lib/gcc/arm-none-eabi/7.3.1/../../../../arm-none-eabi/lib/thumb/v7e-m/fpv4-sp/hard\libc_nano.a(lib_a-errno.o)
 .debug_frame   0x00001574       0x2c c:/ac6/systemworkbench/plugins/fr.ac6.mcu.externaltools.arm-none.win32_1.17.0.201812190825/tools/compiler/bin/../lib/gcc/arm-none-eabi/7.3.1/../../../../arm-none-eabi/lib/thumb/v7e-m/fpv4-sp/hard\libc_nano.a(lib_a-init.o)
 .debug_frame   0x000015a0       0x20 c:/ac6/systemworkbench/plugins/fr.ac6.mcu.externaltools.arm-none.win32_1.17.0.201812190825/tools/compiler/bin/../lib/gcc/arm-none-eabi/7.3.1/../../../../arm-none-eabi/lib/thumb/v7e-m/fpv4-sp/hard\libc_nano.a(lib_a-memset.o)
 .debug_frame   0x000015c0       0x20 c:/ac6/systemworkbench/plugins/fr.ac6.mcu.externaltools.arm-none.win32_1.17.0.201812190825/tools/compiler/bin/../lib/gcc/arm-none-eabi/7.3.1/../../../../arm-none-eabi/lib/thumb/v7e-m/fpv4-sp/hard\libc_nano.a(lib_a-setbuf.o)
 .debug_frame   0x000015e0       0x38 c:/ac6/systemworkbench/plugins/fr.ac6.mcu.externaltools.arm-none.win32_1.17.0.201812190825/tools/compiler/bin/../lib/gcc/arm-none-eabi/7.3.1/../../../../arm-none-eabi/lib/thumb/v7e-m/fpv4-sp/hard\libc_nano.a(lib_a-setvbuf.o)
 .debug_frame   0x00001618       0x68 c:/ac6/systemworkbench/plugins/fr.ac6.mcu.externaltools.arm-none.win32_1.17.0.201812190825/tools/compiler/bin/../lib/gcc/arm-none-eabi/7.3.1/../../../../arm-none-eabi/lib/thumb/v7e-m/fpv4-sp/hard\libc_nano.a(lib_a-fflush.o)
 .debug_frame   0x00001680      0x11c c:/ac6/systemworkbench/plugins/fr.ac6.mcu.externaltools.arm-none.win32_1.17.0.201812190825/tools/compiler/bin/../lib/gcc/arm-none-eabi/7.3.1/../../../../arm-none-eabi/lib/thumb/v7e-m/fpv4-sp/hard\libc_nano.a(lib_a-findfp.o)
 .debug_frame   0x0000179c       0x54 c:/ac6/systemworkbench/plugins/fr.ac6.mcu.externaltools.arm-none.win32_1.17.0.201812190825/tools/compiler/bin/../lib/gcc/arm-none-eabi/7.3.1/../../../../arm-none-eabi/lib/thumb/v7e-m/fpv4-sp/hard\libc_nano.a(lib_a-fwalk.o)
 .debug_frame   0x000017f0       0x58 c:/ac6/systemworkbench/plugins/fr.ac6.mcu.externaltools.arm-none.win32_1.17.0.201812190825/tools/compiler/bin/../lib/gcc/arm-none-eabi/7.3.1/../../../../arm-none-eabi/lib/thumb/v7e-m/fpv4-sp/hard\libc_nano.a(lib_a-makebuf.o)
 .debug_frame   0x00001848       0x30 c:/ac6/systemworkbench/plugins/fr.ac6.mcu.externaltools.arm-none.win32_1.17.0.201812190825/tools/compiler/bin/../lib/gcc/arm-none-eabi/7.3.1/../../../../arm-none-eabi/lib/thumb/v7e-m/fpv4-sp/hard\libc_nano.a(lib_a-malloc.o)
 .debug_frame   0x00001878       0x38 c:/ac6/systemworkbench/plugins/fr.ac6.mcu.externaltools.arm-none.win32_1.17.0.201812190825/tools/compiler/bin/../lib/gcc/arm-none-eabi/7.3.1/../../../../arm-none-eabi/lib/thumb/v7e-m/fpv4-sp/hard\libc_nano.a(lib_a-nano-freer.o)
 .debug_frame   0x000018b0       0x2c c:/ac6/systemworkbench/plugins/fr.ac6.mcu.externaltools.arm-none.win32_1.17.0.201812190825/tools/compiler/bin/../lib/gcc/arm-none-eabi/7.3.1/../../../../arm-none-eabi/lib/thumb/v7e-m/fpv4-sp/hard\libc_nano.a(lib_a-nano-mallocr.o)
 .debug_frame   0x000018dc       0x2c c:/ac6/systemworkbench/plugins/fr.ac6.mcu.externaltools.arm-none.win32_1.17.0.201812190825/tools/compiler/bin/../lib/gcc/arm-none-eabi/7.3.1/../../../../arm-none-eabi/lib/thumb/v7e-m/fpv4-sp/hard\libc_nano.a(lib_a-sbrkr.o)
 .debug_frame   0x00001908       0x88 c:/ac6/systemworkbench/plugins/fr.ac6.mcu.externaltools.arm-none.win32_1.17.0.201812190825/tools/compiler/bin/../lib/gcc/arm-none-eabi/7.3.1/../../../../arm-none-eabi/lib/thumb/v7e-m/fpv4-sp/hard\libc_nano.a(lib_a-stdio.o)
 .debug_frame   0x00001990       0x2c c:/ac6/systemworkbench/plugins/fr.ac6.mcu.externaltools.arm-none.win32_1.17.0.201812190825/tools/compiler/bin/../lib/gcc/arm-none-eabi/7.3.1/../../../../arm-none-eabi/lib/thumb/v7e-m/fpv4-sp/hard\libc_nano.a(lib_a-writer.o)
 .debug_frame   0x000019bc       0x2c c:/ac6/systemworkbench/plugins/fr.ac6.mcu.externaltools.arm-none.win32_1.17.0.201812190825/tools/compiler/bin/../lib/gcc/arm-none-eabi/7.3.1/../../../../arm-none-eabi/lib/thumb/v7e-m/fpv4-sp/hard\libc_nano.a(lib_a-closer.o)
 .debug_frame   0x000019e8       0x2c c:/ac6/systemworkbench/plugins/fr.ac6.mcu.externaltools.arm-none.win32_1.17.0.201812190825/tools/compiler/bin/../lib/gcc/arm-none-eabi/7.3.1/../../../../arm-none-eabi/lib/thumb/v7e-m/fpv4-sp/hard\libc_nano.a(lib_a-fstatr.o)
 .debug_frame   0x00001a14       0x2c c:/ac6/systemworkbench/plugins/fr.ac6.mcu.externaltools.arm-none.win32_1.17.0.201812190825/tools/compiler/bin/../lib/gcc/arm-none-eabi/7.3.1/../../../../arm-none-eabi/lib/thumb/v7e-m/fpv4-sp/hard\libc_nano.a(lib_a-lseekr.o)
 .debug_frame   0x00001a40       0x30 c:/ac6/systemworkbench/plugins/fr.ac6.mcu.externaltools.arm-none.win32_1.17.0.201812190825/tools/compiler/bin/../lib/gcc/arm-none-eabi/7.3.1/../../../../arm-none-eabi/lib/thumb/v7e-m/fpv4-sp/hard\libc_nano.a(lib_a-mlock.o)
 .debug_frame   0x00001a70       0x2c c:/ac6/systemworkbench/plugins/fr.ac6.mcu.externaltools.arm-none.win32_1.17.0.201812190825/tools/compiler/bin/../lib/gcc/arm-none-eabi/7.3.1/../../../../arm-none-eabi/lib/thumb/v7e-m/fpv4-sp/hard\libc_nano.a(lib_a-readr.o)
 .debug_frame   0x00001a9c       0x5c c:/ac6/systemworkbench/plugins/fr.ac6.mcu.externaltools.arm-none.win32_1.17.0.201812190825/tools/compiler/bin/../lib/gcc/arm-none-eabi/7.3.1/../../../../arm-none-eabi/lib/thumb/v7e-m/fpv4-sp/hard\libc_nano.a(lib_a-reent.o)
